Archive member included to satisfy reference by file (symbol)

c:/program files (x86)/atmel/studio/7.0/toolchain/arm/arm-gnu-toolchain/bin/../lib/gcc/arm-none-eabi/6.3.1/thumb/v7e-m\libgcc.a(_arm_addsubdf3.o)
                              src/main.o (__aeabi_i2d)
c:/program files (x86)/atmel/studio/7.0/toolchain/arm/arm-gnu-toolchain/bin/../lib/gcc/arm-none-eabi/6.3.1/thumb/v7e-m\libgcc.a(_arm_muldivdf3.o)
                              src/main.o (__aeabi_dmul)
c:/program files (x86)/atmel/studio/7.0/toolchain/arm/arm-gnu-toolchain/bin/../lib/gcc/arm-none-eabi/6.3.1/thumb/v7e-m\libgcc.a(_arm_cmpdf2.o)
                              src/main.o (__aeabi_dcmpeq)
c:/program files (x86)/atmel/studio/7.0/toolchain/arm/arm-gnu-toolchain/bin/../lib/gcc/arm-none-eabi/6.3.1/thumb/v7e-m\libgcc.a(_arm_truncdfsf2.o)
                              src/main.o (__aeabi_d2f)
c:/program files (x86)/atmel/studio/7.0/toolchain/arm/arm-gnu-toolchain/bin/../lib/gcc/arm-none-eabi/6.3.1/thumb/v7e-m\libgcc.a(_aeabi_uldivmod.o)
                              src/main.o (__aeabi_uldivmod)
c:/program files (x86)/atmel/studio/7.0/toolchain/arm/arm-gnu-toolchain/bin/../lib/gcc/arm-none-eabi/6.3.1/thumb/v7e-m\libgcc.a(_fixunsdfdi.o)
                              src/main.o (__aeabi_d2ulz)
c:/program files (x86)/atmel/studio/7.0/toolchain/arm/arm-gnu-toolchain/bin/../lib/gcc/arm-none-eabi/6.3.1/thumb/v7e-m\libgcc.a(_udivmoddi4.o)
                              c:/program files (x86)/atmel/studio/7.0/toolchain/arm/arm-gnu-toolchain/bin/../lib/gcc/arm-none-eabi/6.3.1/thumb/v7e-m\libgcc.a(_aeabi_uldivmod.o) (__udivmoddi4)
c:/program files (x86)/atmel/studio/7.0/toolchain/arm/arm-gnu-toolchain/bin/../lib/gcc/arm-none-eabi/6.3.1/thumb/v7e-m\libgcc.a(_dvmd_tls.o)
                              c:/program files (x86)/atmel/studio/7.0/toolchain/arm/arm-gnu-toolchain/bin/../lib/gcc/arm-none-eabi/6.3.1/thumb/v7e-m\libgcc.a(_aeabi_uldivmod.o) (__aeabi_ldiv0)
c:/program files (x86)/atmel/studio/7.0/toolchain/arm/arm-gnu-toolchain/bin/../lib/gcc/arm-none-eabi/6.3.1/thumb/v7e-m\libgcc.a(_arm_fixunsdfsi.o)
                              c:/program files (x86)/atmel/studio/7.0/toolchain/arm/arm-gnu-toolchain/bin/../lib/gcc/arm-none-eabi/6.3.1/thumb/v7e-m\libgcc.a(_fixunsdfdi.o) (__aeabi_d2uiz)
c:/program files (x86)/atmel/studio/7.0/toolchain/arm/arm-gnu-toolchain/bin/../lib/gcc/arm-none-eabi/6.3.1/../../../../arm-none-eabi/lib/thumb/v7e-m\libc.a(lib_a-exit.o)
                              c:/program files (x86)/atmel/studio/7.0/toolchain/arm/arm-gnu-toolchain/bin/../lib/gcc/arm-none-eabi/6.3.1/../../../../arm-none-eabi/lib/thumb/v7e-m/crt0.o (exit)
c:/program files (x86)/atmel/studio/7.0/toolchain/arm/arm-gnu-toolchain/bin/../lib/gcc/arm-none-eabi/6.3.1/../../../../arm-none-eabi/lib/thumb/v7e-m\libc.a(lib_a-impure.o)
                              c:/program files (x86)/atmel/studio/7.0/toolchain/arm/arm-gnu-toolchain/bin/../lib/gcc/arm-none-eabi/6.3.1/../../../../arm-none-eabi/lib/thumb/v7e-m\libc.a(lib_a-exit.o) (_global_impure_ptr)
c:/program files (x86)/atmel/studio/7.0/toolchain/arm/arm-gnu-toolchain/bin/../lib/gcc/arm-none-eabi/6.3.1/../../../../arm-none-eabi/lib/thumb/v7e-m\libc.a(lib_a-init.o)
                              c:/program files (x86)/atmel/studio/7.0/toolchain/arm/arm-gnu-toolchain/bin/../lib/gcc/arm-none-eabi/6.3.1/../../../../arm-none-eabi/lib/thumb/v7e-m/crt0.o (__libc_init_array)
c:/program files (x86)/atmel/studio/7.0/toolchain/arm/arm-gnu-toolchain/bin/../lib/gcc/arm-none-eabi/6.3.1/../../../../arm-none-eabi/lib/thumb/v7e-m\libc.a(lib_a-memset.o)
                              c:/program files (x86)/atmel/studio/7.0/toolchain/arm/arm-gnu-toolchain/bin/../lib/gcc/arm-none-eabi/6.3.1/../../../../arm-none-eabi/lib/thumb/v7e-m/crt0.o (memset)
c:/program files (x86)/atmel/studio/7.0/toolchain/arm/arm-gnu-toolchain/bin/../lib/gcc/arm-none-eabi/6.3.1/../../../../arm-none-eabi/lib/thumb/v7e-m\libc.a(lib_a-__call_atexit.o)
                              c:/program files (x86)/atmel/studio/7.0/toolchain/arm/arm-gnu-toolchain/bin/../lib/gcc/arm-none-eabi/6.3.1/../../../../arm-none-eabi/lib/thumb/v7e-m\libc.a(lib_a-exit.o) (__call_exitprocs)
c:/program files (x86)/atmel/studio/7.0/toolchain/arm/arm-gnu-toolchain/bin/../lib/gcc/arm-none-eabi/6.3.1/../../../../arm-none-eabi/lib/thumb/v7e-m\libc.a(lib_a-atexit.o)
                              c:/program files (x86)/atmel/studio/7.0/toolchain/arm/arm-gnu-toolchain/bin/../lib/gcc/arm-none-eabi/6.3.1/../../../../arm-none-eabi/lib/thumb/v7e-m\libc.a(lib_a-__call_atexit.o) (atexit)
c:/program files (x86)/atmel/studio/7.0/toolchain/arm/arm-gnu-toolchain/bin/../lib/gcc/arm-none-eabi/6.3.1/../../../../arm-none-eabi/lib/thumb/v7e-m\libc.a(lib_a-fini.o)
                              c:/program files (x86)/atmel/studio/7.0/toolchain/arm/arm-gnu-toolchain/bin/../lib/gcc/arm-none-eabi/6.3.1/../../../../arm-none-eabi/lib/thumb/v7e-m\libc.a(lib_a-__call_atexit.o) (__libc_fini_array)
[...]
Memory Configuration

Name             Origin             Length             Attributes
rom              0x00400000         0x00200000         xr
ram              0x20400000         0x00060000         xrw
*default*        0x00000000         0xffffffff

Linker script and memory map

LOAD c:/program files (x86)/atmel/studio/7.0/toolchain/arm/arm-gnu-toolchain/bin/../lib/gcc/arm-none-eabi/6.3.1/thumb/v7e-m/crti.o
LOAD c:/program files (x86)/atmel/studio/7.0/toolchain/arm/arm-gnu-toolchain/bin/../lib/gcc/arm-none-eabi/6.3.1/thumb/v7e-m/crtbegin.o
LOAD c:/program files (x86)/atmel/studio/7.0/toolchain/arm/arm-gnu-toolchain/bin/../lib/gcc/arm-none-eabi/6.3.1/../../../../arm-none-eabi/lib/thumb/v7e-m/crt0.o
LOAD src/ASF/sam/drivers/spi/spi.o
LOAD src/gfx_mono_framebuffer.o
LOAD src/gfx_mono_generic.o
LOAD src/gfx_mono_text.o
LOAD src/gfx_mono_ug_2832hsweg04.o
LOAD src/ssd1306.o
LOAD src/sysfont.o
LOAD src/ASF/common/services/delay/sam/cycle_counter.o
LOAD src/ASF/common/services/clock/same70/sysclk.o
LOAD src/ASF/common/utils/interrupt/interrupt_sam_nvic.o
LOAD src/ASF/sam/boards/same70_xplained/init.o
LOAD src/ASF/sam/drivers/mpu/mpu.o
LOAD src/ASF/sam/drivers/pio/pio.o
LOAD src/ASF/sam/drivers/pio/pio_handler.o
LOAD src/ASF/sam/drivers/pmc/pmc.o
LOAD src/ASF/sam/drivers/pmc/sleep.o
LOAD src/ASF/sam/utils/cmsis/same70/source/templates/gcc/startup_same70.o
LOAD src/ASF/sam/utils/cmsis/same70/source/templates/system_same70.o
LOAD src/ASF/sam/utils/syscalls/gcc/syscalls.o
LOAD src/main.o
START GROUP
LOAD ../src/ASF/thirdparty/CMSIS/Lib/GCC\libarm_cortexM7lfsp_math_softfp.a
LOAD c:/program files (x86)/atmel/studio/7.0/toolchain/arm/arm-gnu-toolchain/bin/../lib/gcc/arm-none-eabi/6.3.1/../../../../arm-none-eabi/lib/thumb/v7e-m\libm.a
END GROUP
START GROUP
LOAD c:/program files (x86)/atmel/studio/7.0/toolchain/arm/arm-gnu-toolchain/bin/../lib/gcc/arm-none-eabi/6.3.1/thumb/v7e-m\libgcc.a
LOAD c:/program files (x86)/atmel/studio/7.0/toolchain/arm/arm-gnu-toolchain/bin/../lib/gcc/arm-none-eabi/6.3.1/../../../../arm-none-eabi/lib/thumb/v7e-m\libc.a
END GROUP
LOAD c:/program files (x86)/atmel/studio/7.0/toolchain/arm/arm-gnu-toolchain/bin/../lib/gcc/arm-none-eabi/6.3.1/thumb/v7e-m/crtend.o
LOAD c:/program files (x86)/atmel/studio/7.0/toolchain/arm/arm-gnu-toolchain/bin/../lib/gcc/arm-none-eabi/6.3.1/thumb/v7e-m/crtn.o
                0x00002000                STACK_SIZE = DEFINED (STACK_SIZE)?STACK_SIZE:0x2000
                0x2045fffc                __ram_end__ = ((ORIGIN (ram) + LENGTH (ram)) - 0x4)
                0x00000200                HEAP_SIZE = DEFINED (HEAP_SIZE)?HEAP_SIZE:0x200

.text           0x00400000     0x30c8
                0x00400000                . = ALIGN (0x4)
                0x00400000                _sfixed = .
 *(.vectors .vectors.*)
 .vectors       0x00400000      0x140 src/ASF/sam/utils/cmsis/same70/source/templates/gcc/startup_same70.o
                0x00400000                exception_table
 *(.text .text.* .gnu.linkonce.t.*)
 .text          0x00400140       0x6c c:/program files (x86)/atmel/studio/7.0/toolchain/arm/arm-gnu-toolchain/bin/../lib/gcc/arm-none-eabi/6.3.1/thumb/v7e-m/crtbegin.o
 .text.spi_enable_clock
                0x004001ac       0x2c src/ASF/sam/drivers/spi/spi.o
                0x004001ac                spi_enable_clock
 .text.spi_set_peripheral_chip_select_value
                0x004001d8       0x16 src/ASF/sam/drivers/spi/spi.o
                0x004001d8                spi_set_peripheral_chip_select_value
 .text.spi_write
                0x004001ee       0x34 src/ASF/sam/drivers/spi/spi.o
                0x004001ee                spi_write
 .text.spi_set_clock_polarity
                0x00400222       0x1e src/ASF/sam/drivers/spi/spi.o
                0x00400222                spi_set_clock_polarity
 .text.spi_set_clock_phase
                0x00400240       0x1e src/ASF/sam/drivers/spi/spi.o
                0x00400240                spi_set_clock_phase
 .text.spi_configure_cs_behavior
                0x0040025e       0x46 src/ASF/sam/drivers/spi/spi.o
                0x0040025e                spi_configure_cs_behavior
 .text.spi_set_bits_per_transfer
                0x004002a4       0x14 src/ASF/sam/drivers/spi/spi.o
                0x004002a4                spi_set_bits_per_transfer
 .text.spi_calc_baudrate_div
                0x004002b8       0x16 src/ASF/sam/drivers/spi/spi.o
                0x004002b8                spi_calc_baudrate_div
 .text.spi_set_baudrate_div
                0x004002ce       0x28 src/ASF/sam/drivers/spi/spi.o
                0x004002ce                spi_set_baudrate_div
 *fill*         0x004002f6        0x2 
 .text.gfx_mono_set_framebuffer
                0x004002f8        0xc src/gfx_mono_framebuffer.o
                0x004002f8                gfx_mono_set_framebuffer
 .text.gfx_mono_framebuffer_put_byte
                0x00400304       0x10 src/gfx_mono_framebuffer.o
                0x00400304                gfx_mono_framebuffer_put_byte
 .text.gfx_mono_framebuffer_get_byte
                0x00400314       0x10 src/gfx_mono_framebuffer.o
                0x00400314                gfx_mono_framebuffer_get_byte
 .text.gfx_mono_generic_draw_horizontal_line
                0x00400324       0xd0 src/gfx_mono_generic.o
                0x00400324                gfx_mono_generic_draw_horizontal_line
 .text.gfx_mono_generic_draw_filled_rect
                0x004003f4       0x38 src/gfx_mono_generic.o
                0x004003f4                gfx_mono_generic_draw_filled_rect
 .text.gfx_mono_draw_char
                0x0040042c       0xac src/gfx_mono_text.o
                0x0040042c                gfx_mono_draw_char
 .text.gfx_mono_draw_string
                0x004004d8       0x48 src/gfx_mono_text.o
                0x004004d8                gfx_mono_draw_string
 .text.gfx_mono_ssd1306_put_byte
                0x00400520       0x50 src/gfx_mono_ug_2832hsweg04.o
                0x00400520                gfx_mono_ssd1306_put_byte
 .text.gfx_mono_ssd1306_init
                0x00400570       0x50 src/gfx_mono_ug_2832hsweg04.o
                0x00400570                gfx_mono_ssd1306_init
 .text.gfx_mono_ssd1306_draw_pixel
                0x004005c0       0x64 src/gfx_mono_ug_2832hsweg04.o
                0x004005c0                gfx_mono_ssd1306_draw_pixel
 .text.gfx_mono_ssd1306_get_byte
                0x00400624        0xc src/gfx_mono_ug_2832hsweg04.o
                0x00400624                gfx_mono_ssd1306_get_byte
 .text.ssd1306_write_command
                0x00400630       0x40 src/ssd1306.o
                0x00400630                ssd1306_write_command
 .text.ssd1306_init
                0x00400670      0x1e0 src/ssd1306.o
                0x00400670                ssd1306_init
 .text.ssd1306_write_data
                0x00400850       0x40 src/ssd1306.o
                0x00400850                ssd1306_write_data
 .text.sysclk_init
                0x00400890       0x70 src/ASF/common/services/clock/same70/sysclk.o
                0x00400890                sysclk_init
 .text.board_init
                0x00400900      0x140 src/ASF/sam/boards/same70_xplained/init.o
                0x00400900                board_init
 .text.pio_pull_up
                0x00400a40        0xa src/ASF/sam/drivers/pio/pio.o
                0x00400a40                pio_pull_up
 .text.pio_set  0x00400a4a        0x4 src/ASF/sam/drivers/pio/pio.o
                0x00400a4a                pio_set
 .text.pio_clear
                0x00400a4e        0x4 src/ASF/sam/drivers/pio/pio.o
                0x00400a4e                pio_clear
 .text.pio_set_peripheral
                0x00400a52       0x92 src/ASF/sam/drivers/pio/pio.o
                0x00400a52                pio_set_peripheral
 .text.pio_set_input
                0x00400ae4       0x36 src/ASF/sam/drivers/pio/pio.o
                0x00400ae4                pio_set_input
 .text.pio_set_output
                0x00400b1a       0x28 src/ASF/sam/drivers/pio/pio.o
                0x00400b1a                pio_set_output
 *fill*         0x00400b42        0x2 
 .text.pio_configure
                0x00400b44       0x90 src/ASF/sam/drivers/pio/pio.o
                0x00400b44                pio_configure
 .text.pio_configure_interrupt
                0x00400bd4       0x32 src/ASF/sam/drivers/pio/pio.o
                0x00400bd4                pio_configure_interrupt
 .text.pio_enable_interrupt
                0x00400c06        0x4 src/ASF/sam/drivers/pio/pio.o
                0x00400c06                pio_enable_interrupt
 .text.pio_get_interrupt_status
                0x00400c0a        0x4 src/ASF/sam/drivers/pio/pio.o
                0x00400c0a                pio_get_interrupt_status
 .text.pio_get_interrupt_mask
                0x00400c0e        0x4 src/ASF/sam/drivers/pio/pio.o
                0x00400c0e                pio_get_interrupt_mask
 *fill*         0x00400c12        0x2 
 .text.pio_handler_process
                0x00400c14       0x50 src/ASF/sam/drivers/pio/pio_handler.o
                0x00400c14                pio_handler_process
 .text.pio_handler_set
                0x00400c64       0x70 src/ASF/sam/drivers/pio/pio_handler.o
                0x00400c64                pio_handler_set
 .text.PIOA_Handler
                0x00400cd4       0x14 src/ASF/sam/drivers/pio/pio_handler.o
                0x00400cd4                PIOA_Handler
 .text.PIOB_Handler
                0x00400ce8       0x14 src/ASF/sam/drivers/pio/pio_handler.o
                0x00400ce8                PIOB_Handler
 .text.PIOC_Handler
                0x00400cfc       0x14 src/ASF/sam/drivers/pio/pio_handler.o
                0x00400cfc                PIOC_Handler
 .text.PIOD_Handler
                0x00400d10       0x14 src/ASF/sam/drivers/pio/pio_handler.o
                0x00400d10                PIOD_Handler
 .text.PIOE_Handler
                0x00400d24       0x14 src/ASF/sam/drivers/pio/pio_handler.o
                0x00400d24                PIOE_Handler
 .text.pmc_mck_set_division
                0x00400d38       0x38 src/ASF/sam/drivers/pmc/pmc.o
                0x00400d38                pmc_mck_set_division
 .text.pmc_switch_mck_to_pllack
                0x00400d70       0x64 src/ASF/sam/drivers/pmc/pmc.o
                0x00400d70                pmc_switch_mck_to_pllack
 .text.pmc_switch_mainck_to_xtal
                0x00400dd4       0x54 src/ASF/sam/drivers/pmc/pmc.o
                0x00400dd4                pmc_switch_mainck_to_xtal
 .text.pmc_osc_is_ready_mainck
                0x00400e28       0x10 src/ASF/sam/drivers/pmc/pmc.o
                0x00400e28                pmc_osc_is_ready_mainck
 .text.pmc_disable_pllack
                0x00400e38       0x10 src/ASF/sam/drivers/pmc/pmc.o
                0x00400e38                pmc_disable_pllack
 .text.pmc_is_locked_pllack
                0x00400e48       0x10 src/ASF/sam/drivers/pmc/pmc.o
                0x00400e48                pmc_is_locked_pllack
 .text.pmc_enable_periph_clk
                0x00400e58       0x54 src/ASF/sam/drivers/pmc/pmc.o
                0x00400e58                pmc_enable_periph_clk
 .text.Dummy_Handler
                0x00400eac        0x2 src/ASF/sam/utils/cmsis/same70/source/templates/gcc/startup_same70.o
                0x00400eac                DACC_Handler
                0x00400eac                DebugMon_Handler
                0x00400eac                UART3_Handler
                0x00400eac                UART2_Handler
                0x00400eac                TRNG_Handler
                0x00400eac                HardFault_Handler
                0x00400eac                TC2_Handler
                0x00400eac                SysTick_Handler
                0x00400eac                AFEC1_Handler
                0x00400eac                PendSV_Handler
                0x00400eac                NMI_Handler
                0x00400eac                TC7_Handler
                0x00400eac                QSPI_Handler
                0x00400eac                ISI_Handler
                0x00400eac                TC9_Handler
                0x00400eac                RSWDT_Handler
                0x00400eac                MCAN1_Handler
                0x00400eac                USART0_Handler
                0x00400eac                RTT_Handler
                0x00400eac                USBHS_Handler
                0x00400eac                RTC_Handler
                0x00400eac                UsageFault_Handler
                0x00400eac                TC6_Handler
                0x00400eac                WDT_Handler
                0x00400eac                TC4_Handler
                0x00400eac                TC1_Handler
                0x00400eac                HSMCI_Handler
                0x00400eac                UART1_Handler
                0x00400eac                TC3_Handler
                0x00400eac                Dummy_Handler
                0x00400eac                TWIHS1_Handler
                0x00400eac                XDMAC_Handler
                0x00400eac                UART4_Handler
                0x00400eac                PWM1_Handler
                0x00400eac                USART1_Handler
                0x00400eac                PWM0_Handler
                0x00400eac                AFEC0_Handler
                0x00400eac                SSC_Handler
                0x00400eac                TC11_Handler
                0x00400eac                ACC_Handler
                0x00400eac                PMC_Handler
                0x00400eac                GMAC_Handler
                0x00400eac                MemManage_Handler
                0x00400eac                SUPC_Handler
                0x00400eac                SVC_Handler
                0x00400eac                TC8_Handler
                0x00400eac                EFC_Handler
                0x00400eac                USART2_Handler
                0x00400eac                SDRAMC_Handler
                0x00400eac                SPI1_Handler
                0x00400eac                MCAN0_Handler
                0x00400eac                TC10_Handler
                0x00400eac                TWIHS2_Handler
                0x00400eac                UART0_Handler
                0x00400eac                BusFault_Handler
                0x00400eac                RSTC_Handler
                0x00400eac                TC0_Handler
                0x00400eac                TC5_Handler
                0x00400eac                ICM_Handler
                0x00400eac                AES_Handler
                0x00400eac                TWIHS0_Handler
                0x00400eac                SPI0_Handler
 *fill*         0x00400eae        0x2 
 .text.Reset_Handler
                0x00400eb0       0xc8 src/ASF/sam/utils/cmsis/same70/source/templates/gcc/startup_same70.o
                0x00400eb0                Reset_Handler
 .text.SystemCoreClockUpdate
                0x00400f78      0x10c src/ASF/sam/utils/cmsis/same70/source/templates/system_same70.o
                0x00400f78                SystemCoreClockUpdate
 .text.system_init_flash
                0x00401084       0x8c src/ASF/sam/utils/cmsis/same70/source/templates/system_same70.o
                0x00401084                system_init_flash
 .text.pause    0x00401110       0x14 src/main.o
                0x00401110                pause
 .text.order1   0x00401124        0xc src/main.o
                0x00401124                order1
 .text.order2   0x00401130        0xc src/main.o
                0x00401130                order2
 .text.order3   0x0040113c        0xc src/main.o
                0x0040113c                order3
 .text.turn_on  0x00401148       0x54 src/main.o
                0x00401148                turn_on
 .text.turn_off
                0x0040119c       0x54 src/main.o
                0x0040119c                turn_off
 .text.play_song
                0x004011f0      0x2d0 src/main.o
                0x004011f0                play_song
 .text.init     0x004014c0      0x1a8 src/main.o
                0x004014c0                init
 .text.main     0x00401668      0x160 src/main.o
                0x00401668                main
 .text          0x004017c8      0x370 c:/program files (x86)/atmel/studio/7.0/toolchain/arm/arm-gnu-toolchain/bin/../lib/gcc/arm-none-eabi/6.3.1/thumb/v7e-m\libgcc.a(_arm_addsubdf3.o)
                0x004017c8                __aeabi_drsub
                0x004017d0                __aeabi_dsub
                0x004017d0                __subdf3
                0x004017d4                __aeabi_dadd
                0x004017d4                __adddf3
                0x00401a4c                __floatunsidf
                0x00401a4c                __aeabi_ui2d
                0x00401a6c                __floatsidf
                0x00401a6c                __aeabi_i2d
                0x00401a90                __aeabi_f2d
                0x00401a90                __extendsfdf2
                0x00401acc                __floatundidf
                0x00401acc                __aeabi_ul2d
                0x00401adc                __floatdidf
                0x00401adc                __aeabi_l2d
 .text          0x00401b38      0x424 c:/program files (x86)/atmel/studio/7.0/toolchain/arm/arm-gnu-toolchain/bin/../lib/gcc/arm-none-eabi/6.3.1/thumb/v7e-m\libgcc.a(_arm_muldivdf3.o)
                0x00401b38                __aeabi_dmul
                0x00401b38                __muldf3
                0x00401d8c                __divdf3
                0x00401d8c                __aeabi_ddiv
 .text          0x00401f5c      0x110 c:/program files (x86)/atmel/studio/7.0/toolchain/arm/arm-gnu-toolchain/bin/../lib/gcc/arm-none-eabi/6.3.1/thumb/v7e-m\libgcc.a(_arm_cmpdf2.o)
                0x00401f5c                __gtdf2
                0x00401f5c                __gedf2
                0x00401f64                __ltdf2
                0x00401f64                __ledf2
                0x00401f6c                __nedf2
                0x00401f6c                __eqdf2
                0x00401f6c                __cmpdf2
                0x00401fe8                __aeabi_cdrcmple
                0x00401ff8                __aeabi_cdcmpeq
                0x00401ff8                __aeabi_cdcmple
                0x00402008                __aeabi_dcmpeq
                0x0040201c                __aeabi_dcmplt
                0x00402030                __aeabi_dcmple
                0x00402044                __aeabi_dcmpge
                0x00402058                __aeabi_dcmpgt
 .text          0x0040206c       0xa0 c:/program files (x86)/atmel/studio/7.0/toolchain/arm/arm-gnu-toolchain/bin/../lib/gcc/arm-none-eabi/6.3.1/thumb/v7e-m\libgcc.a(_arm_truncdfsf2.o)
                0x0040206c                __truncdfsf2
                0x0040206c                __aeabi_d2f
 .text          0x0040210c       0x30 c:/program files (x86)/atmel/studio/7.0/toolchain/arm/arm-gnu-toolchain/bin/../lib/gcc/arm-none-eabi/6.3.1/thumb/v7e-m\libgcc.a(_aeabi_uldivmod.o)
                0x0040210c                __aeabi_uldivmod
 .text          0x0040213c       0x48 c:/program files (x86)/atmel/studio/7.0/toolchain/arm/arm-gnu-toolchain/bin/../lib/gcc/arm-none-eabi/6.3.1/thumb/v7e-m\libgcc.a(_fixunsdfdi.o)
                0x0040213c                __fixunsdfdi
                0x0040213c                __aeabi_d2ulz
 .text          0x00402184      0x2dc c:/program files (x86)/atmel/studio/7.0/toolchain/arm/arm-gnu-toolchain/bin/../lib/gcc/arm-none-eabi/6.3.1/thumb/v7e-m\libgcc.a(_udivmoddi4.o)
                0x00402184                __udivmoddi4
 .text          0x00402460        0x4 c:/program files (x86)/atmel/studio/7.0/toolchain/arm/arm-gnu-toolchain/bin/../lib/gcc/arm-none-eabi/6.3.1/thumb/v7e-m\libgcc.a(_dvmd_tls.o)
                0x00402460                __aeabi_idiv0
                0x00402460                __aeabi_ldiv0
 .text          0x00402464       0x40 c:/program files (x86)/atmel/studio/7.0/toolchain/arm/arm-gnu-toolchain/bin/../lib/gcc/arm-none-eabi/6.3.1/thumb/v7e-m\libgcc.a(_arm_fixunsdfsi.o)
                0x00402464                __aeabi_d2uiz
                0x00402464                __fixunsdfsi
 .text.__libc_init_array
                0x004024a4       0x50 c:/program files (x86)/atmel/studio/7.0/toolchain/arm/arm-gnu-toolchain/bin/../lib/gcc/arm-none-eabi/6.3.1/../../../../arm-none-eabi/lib/thumb/v7e-m\libc.a(lib_a-init.o)
                0x004024a4                __libc_init_array
 .text.startup.register_fini
                0x004024f4       0x14 c:/program files (x86)/atmel/studio/7.0/toolchain/arm/arm-gnu-toolchain/bin/../lib/gcc/arm-none-eabi/6.3.1/../../../../arm-none-eabi/lib/thumb/v7e-m\libc.a(lib_a-__call_atexit.o)
 .text.atexit   0x00402508        0xc c:/program files (x86)/atmel/studio/7.0/toolchain/arm/arm-gnu-toolchain/bin/../lib/gcc/arm-none-eabi/6.3.1/../../../../arm-none-eabi/lib/thumb/v7e-m\libc.a(lib_a-atexit.o)
                0x00402508                atexit
 .text.__libc_fini_array
                0x00402514       0x34 c:/program files (x86)/atmel/studio/7.0/toolchain/arm/arm-gnu-toolchain/bin/../lib/gcc/arm-none-eabi/6.3.1/../../../../arm-none-eabi/lib/thumb/v7e-m\libc.a(lib_a-fini.o)
                0x00402514                __libc_fini_array
 .text.__retarget_lock_acquire_recursive
                0x00402548        0x4 c:/program files (x86)/atmel/studio/7.0/toolchain/arm/arm-gnu-toolchain/bin/../lib/gcc/arm-none-eabi/6.3.1/../../../../arm-none-eabi/lib/thumb/v7e-m\libc.a(lib_a-lock.o)
                0x00402548                __retarget_lock_acquire_recursive
 .text.__retarget_lock_release_recursive
                0x0040254c        0x4 c:/program files (x86)/atmel/studio/7.0/toolchain/arm/arm-gnu-toolchain/bin/../lib/gcc/arm-none-eabi/6.3.1/../../../../arm-none-eabi/lib/thumb/v7e-m\libc.a(lib_a-lock.o)
                0x0040254c                __retarget_lock_release_recursive
 .text.__register_exitproc
                0x00402550       0xc4 c:/program files (x86)/atmel/studio/7.0/toolchain/arm/arm-gnu-toolchain/bin/../lib/gcc/arm-none-eabi/6.3.1/../../../../arm-none-eabi/lib/thumb/v7e-m\libc.a(lib_a-__atexit.o)
                0x00402550                __register_exitproc
 *(.glue_7t)
 .glue_7t       0x00402614        0x0 linker stubs
 *(.glue_7)
 .glue_7        0x00402614        0x0 linker stubs
 *(.rodata .rodata* .gnu.linkonce.r.*)
 .rodata.sysfont_glyphs
                0x00402614      0xa48 src/sysfont.o
 .rodata.main.str1.4
                0x0040305c       0x44 src/main.o
                                 0x41 (size before relaxing)
 .rodata._global_impure_ptr
                0x004030a0        0x4 c:/program files (x86)/atmel/studio/7.0/toolchain/arm/arm-gnu-toolchain/bin/../lib/gcc/arm-none-eabi/6.3.1/../../../../arm-none-eabi/lib/thumb/v7e-m\libc.a(lib_a-impure.o)
                0x004030a0                _global_impure_ptr
 *(.ARM.extab* .gnu.linkonce.armextab.*)
                0x004030a4                . = ALIGN (0x4)
 *(.init)
 .init          0x004030a4        0x4 c:/program files (x86)/atmel/studio/7.0/toolchain/arm/arm-gnu-toolchain/bin/../lib/gcc/arm-none-eabi/6.3.1/thumb/v7e-m/crti.o
                0x004030a4                _init
 .init          0x004030a8        0x8 c:/program files (x86)/atmel/studio/7.0/toolchain/arm/arm-gnu-toolchain/bin/../lib/gcc/arm-none-eabi/6.3.1/thumb/v7e-m/crtn.o
                0x004030b0                . = ALIGN (0x4)
                0x004030b0                __preinit_array_start = .
 *(.preinit_array)
                0x004030b0                __preinit_array_end = .
                0x004030b0                . = ALIGN (0x4)
                0x004030b0                __init_array_start = .
 *(SORT(.init_array.*))
 .init_array.00000
                0x004030b0        0x4 c:/program files (x86)/atmel/studio/7.0/toolchain/arm/arm-gnu-toolchain/bin/../lib/gcc/arm-none-eabi/6.3.1/../../../../arm-none-eabi/lib/thumb/v7e-m\libc.a(lib_a-__call_atexit.o)
 *(.init_array)
 .init_array    0x004030b4        0x4 c:/program files (x86)/atmel/studio/7.0/toolchain/arm/arm-gnu-toolchain/bin/../lib/gcc/arm-none-eabi/6.3.1/thumb/v7e-m/crtbegin.o
                0x004030b8                __init_array_end = .
                0x004030b8                . = ALIGN (0x4)
 *crtbegin.o(.ctors)
 *(EXCLUDE_FILE(*crtend.o) .ctors)
 *(SORT(.ctors.*))
 *crtend.o(.ctors)
                0x004030b8                . = ALIGN (0x4)
 *(.fini)
 .fini          0x004030b8        0x4 c:/program files (x86)/atmel/studio/7.0/toolchain/arm/arm-gnu-toolchain/bin/../lib/gcc/arm-none-eabi/6.3.1/thumb/v7e-m/crti.o
                0x004030b8                _fini
 .fini          0x004030bc        0x8 c:/program files (x86)/atmel/studio/7.0/toolchain/arm/arm-gnu-toolchain/bin/../lib/gcc/arm-none-eabi/6.3.1/thumb/v7e-m/crtn.o
                0x004030c4                . = ALIGN (0x4)
                0x004030c4                __fini_array_start = .
 *(.fini_array)
 .fini_array    0x004030c4        0x4 c:/program files (x86)/atmel/studio/7.0/toolchain/arm/arm-gnu-toolchain/bin/../lib/gcc/arm-none-eabi/6.3.1/thumb/v7e-m/crtbegin.o
 *(SORT(.fini_array.*))
                0x004030c8                __fini_array_end = .
 *crtbegin.o(.dtors)
 *(EXCLUDE_FILE(*crtend.o) .dtors)
 *(SORT(.dtors.*))
 *crtend.o(.dtors)
                0x004030c8                . = ALIGN (0x4)
                0x004030c8                _efixed = .
                [!provide]                PROVIDE (__exidx_start, .)

.vfp11_veneer   0x004030c8        0x0
 .vfp11_veneer  0x004030c8        0x0 linker stubs

.v4_bx          0x004030c8        0x0
 .v4_bx         0x004030c8        0x0 linker stubs

.iplt           0x004030c8        0x0
 .iplt          0x004030c8        0x0 c:/program files (x86)/atmel/studio/7.0/toolchain/arm/arm-gnu-toolchain/bin/../lib/gcc/arm-none-eabi/6.3.1/thumb/v7e-m/crtbegin.o

.ARM.exidx      0x004030c8        0x8
 *(.ARM.exidx* .gnu.linkonce.armexidx.*)
 .ARM.exidx     0x004030c8        0x8 c:/program files (x86)/atmel/studio/7.0/toolchain/arm/arm-gnu-toolchain/bin/../lib/gcc/arm-none-eabi/6.3.1/thumb/v7e-m\libgcc.a(_udivmoddi4.o)
                [!provide]                PROVIDE (__exidx_end, .)

.eh_frame       0x004030d0        0x0
 .eh_frame      0x004030d0        0x0 c:/program files (x86)/atmel/studio/7.0/toolchain/arm/arm-gnu-toolchain/bin/../lib/gcc/arm-none-eabi/6.3.1/thumb/v7e-m/crtbegin.o

.rel.dyn        0x004030d0        0x0
 .rel.iplt      0x004030d0        0x0 c:/program files (x86)/atmel/studio/7.0/toolchain/arm/arm-gnu-toolchain/bin/../lib/gcc/arm-none-eabi/6.3.1/thumb/v7e-m/crtbegin.o

.jcr            0x004030d0        0x0
 .jcr           0x004030d0        0x0 c:/program files (x86)/atmel/studio/7.0/toolchain/arm/arm-gnu-toolchain/bin/../lib/gcc/arm-none-eabi/6.3.1/thumb/v7e-m/crtbegin.o

.igot.plt       0x004030d0        0x0
 .igot.plt      0x004030d0        0x0 c:/program files (x86)/atmel/studio/7.0/toolchain/arm/arm-gnu-toolchain/bin/../lib/gcc/arm-none-eabi/6.3.1/thumb/v7e-m/crtbegin.o
                0x004030d0                . = ALIGN (0x4)
                0x004030d0                _etext = .

.relocate       0x20400000      0x91c load address 0x004030d0
                0x20400000                . = ALIGN (0x4)
                0x20400000                _srelocate = .
 *(.ramfunc .ramfunc.*)
 .ramfunc       0x20400000        0xa src/ASF/common/services/delay/sam/cycle_counter.o
                0x20400000                portable_delay_cycles
 *(.data .data.*)
 *fill*         0x2040000a        0x2 
 .data.sysfont  0x2040000c        0xc src/sysfont.o
                0x2040000c                sysfont
 .data.g_interrupt_enabled
                0x20400018        0x1 src/ASF/common/utils/interrupt/interrupt_sam_nvic.o
                0x20400018                g_interrupt_enabled
 *fill*         0x20400019        0x3 
 .data.SystemCoreClock
                0x2040001c        0x4 src/ASF/sam/utils/cmsis/same70/source/templates/system_same70.o
                0x2040001c                SystemCoreClock
 .data.mario_melody
                0x20400020      0x138 src/main.o
                0x20400020                mario_melody
 .data.mario_tempo
                0x20400158      0x138 src/main.o
                0x20400158                mario_tempo
 .data.starWars_melody
                0x20400290       0x50 src/main.o
                0x20400290                starWars_melody
 .data.starWars_tempo
                0x204002e0       0x50 src/main.o
                0x204002e0                starWars_tempo
 .data.underworld_melody
                0x20400330       0xe0 src/main.o
                0x20400330                underworld_melody
 .data.underworld_tempo
                0x20400410       0xe0 src/main.o
                0x20400410                underworld_tempo
 .data.impure_data
                0x204004f0      0x428 c:/program files (x86)/atmel/studio/7.0/toolchain/arm/arm-gnu-toolchain/bin/../lib/gcc/arm-none-eabi/6.3.1/../../../../arm-none-eabi/lib/thumb/v7e-m\libc.a(lib_a-impure.o)
 .data.__atexit_recursive_mutex
                0x20400918        0x4 c:/program files (x86)/atmel/studio/7.0/toolchain/arm/arm-gnu-toolchain/bin/../lib/gcc/arm-none-eabi/6.3.1/../../../../arm-none-eabi/lib/thumb/v7e-m\libc.a(lib_a-__call_atexit.o)
                0x20400918                __atexit_recursive_mutex
                0x2040091c                . = ALIGN (0x4)
                0x2040091c                _erelocate = .

.bss            0x2040091c      0x2bc load address 0x004039ec
                0x2040091c                . = ALIGN (0x4)
                0x2040091c                _sbss = .
                0x2040091c                _szero = .
 *(.bss .bss.*)
 .bss           0x2040091c       0x1c c:/program files (x86)/atmel/studio/7.0/toolchain/arm/arm-gnu-toolchain/bin/../lib/gcc/arm-none-eabi/6.3.1/thumb/v7e-m/crtbegin.o
 .bss.fbpointer
                0x20400938        0x4 src/gfx_mono_framebuffer.o
 .bss.framebuffer
                0x2040093c      0x200 src/gfx_mono_ug_2832hsweg04.o
 .bss.gs_interrupt_sources
                0x20400b3c       0x70 src/ASF/sam/drivers/pio/pio_handler.o
 .bss.gs_ul_nb_sources
                0x20400bac        0x4 src/ASF/sam/drivers/pio/pio_handler.o
 *(COMMON)
 COMMON         0x20400bb0        0x2 src/main.o
                0x20400bb0                ORDER
                0x20400bb1                PAUSE
 *fill*         0x20400bb2        0x2 
 COMMON         0x20400bb4       0x21 c:/program files (x86)/atmel/studio/7.0/toolchain/arm/arm-gnu-toolchain/bin/../lib/gcc/arm-none-eabi/6.3.1/../../../../arm-none-eabi/lib/thumb/v7e-m\libc.a(lib_a-lock.o)
                0x20400bb4                __lock___atexit_recursive_mutex
                0x20400bb8                __lock___arc4random_mutex
                0x20400bbc                __lock___env_recursive_mutex
                0x20400bc0                __lock___sinit_recursive_mutex
                0x20400bc4                __lock___malloc_recursive_mutex
                0x20400bc8                __lock___at_quick_exit_mutex
                0x20400bcc                __lock___dd_hash_mutex
                0x20400bd0                __lock___tz_mutex
                0x20400bd4                __lock___sfp_recursive_mutex
                0x20400bd8                . = ALIGN (0x4)
 *fill*         0x20400bd5        0x3 
                0x20400bd8                _ebss = .
                0x20400bd8                _ezero = .

.stack          0x20400bd8     0x2000 load address 0x00403ca8
                0x20400bd8                . = ALIGN (0x8)
                0x20400bd8                _sstack = .
                0x20402bd8                . = (. + STACK_SIZE)
 *fill*         0x20400bd8     0x2000 
                0x20402bd8                . = ALIGN (0x8)
                0x20402bd8                _estack = .

.heap           0x20402bd8      0x200 load address 0x00405ca8
                0x20402bd8                . = ALIGN (0x8)
                0x20402bd8                _sheap = .
                0x20402dd8                . = (. + HEAP_SIZE)
 *fill*         0x20402bd8      0x200 
                0x20402dd8                . = ALIGN (0x8)
                0x20402dd8                _eheap = .
                0x20402dd8                . = ALIGN (0x4)
                0x20402dd8                _end = .
                0x2045ffff                _ram_end_ = ((ORIGIN (ram) + LENGTH (ram)) - 0x1)
OUTPUT(spi_teste.elf elf32-littlearm)

.ARM.attributes
                0x00000000       0x2e
 .ARM.attributes
                0x00000000       0x1e c:/program files (x86)/atmel/studio/7.0/toolchain/arm/arm-gnu-toolchain/bin/../lib/gcc/arm-none-eabi/6.3.1/thumb/v7e-m/crti.o
 .ARM.attributes
                0x0000001e       0x2e c:/program files (x86)/atmel/studio/7.0/toolchain/arm/arm-gnu-toolchain/bin/../lib/gcc/arm-none-eabi/6.3.1/thumb/v7e-m/crtbegin.o
 .ARM.attributes
                0x0000004c       0x37 src/ASF/sam/drivers/spi/spi.o
 .ARM.attributes
                0x00000083       0x37 src/gfx_mono_framebuffer.o
 .ARM.attributes
                0x000000ba       0x37 src/gfx_mono_generic.o
 .ARM.attributes
                0x000000f1       0x37 src/gfx_mono_text.o
 .ARM.attributes
                0x00000128       0x37 src/gfx_mono_ug_2832hsweg04.o
 .ARM.attributes
                0x0000015f       0x37 src/ssd1306.o
 .ARM.attributes
                0x00000196       0x37 src/sysfont.o
 .ARM.attributes
                0x000001cd       0x37 src/ASF/common/services/delay/sam/cycle_counter.o
 .ARM.attributes
                0x00000204       0x37 src/ASF/common/services/clock/same70/sysclk.o
 .ARM.attributes
                0x0000023b       0x37 src/ASF/common/utils/interrupt/interrupt_sam_nvic.o
 .ARM.attributes
                0x00000272       0x37 src/ASF/sam/boards/same70_xplained/init.o
 .ARM.attributes
                0x000002a9       0x37 src/ASF/sam/drivers/pio/pio.o
 .ARM.attributes
                0x000002e0       0x37 src/ASF/sam/drivers/pio/pio_handler.o
 .ARM.attributes
                0x00000317       0x37 src/ASF/sam/drivers/pmc/pmc.o
 .ARM.attributes
                0x0000034e       0x37 src/ASF/sam/utils/cmsis/same70/source/templates/gcc/startup_same70.o
 .ARM.attributes
                0x00000385       0x37 src/ASF/sam/utils/cmsis/same70/source/templates/system_same70.o
 .ARM.attributes
                0x000003bc       0x37 src/main.o
 .ARM.attributes
                0x000003f3       0x1e c:/program files (x86)/atmel/studio/7.0/toolchain/arm/arm-gnu-toolchain/bin/../lib/gcc/arm-none-eabi/6.3.1/thumb/v7e-m\libgcc.a(_arm_addsubdf3.o)
 .ARM.attributes
                0x00000411       0x1e c:/program files (x86)/atmel/studio/7.0/toolchain/arm/arm-gnu-toolchain/bin/../lib/gcc/arm-none-eabi/6.3.1/thumb/v7e-m\libgcc.a(_arm_muldivdf3.o)
 .ARM.attributes
                0x0000042f       0x1e c:/program files (x86)/atmel/studio/7.0/toolchain/arm/arm-gnu-toolchain/bin/../lib/gcc/arm-none-eabi/6.3.1/thumb/v7e-m\libgcc.a(_arm_cmpdf2.o)
 .ARM.attributes
                0x0000044d       0x1e c:/program files (x86)/atmel/studio/7.0/toolchain/arm/arm-gnu-toolchain/bin/../lib/gcc/arm-none-eabi/6.3.1/thumb/v7e-m\libgcc.a(_arm_truncdfsf2.o)
 .ARM.attributes
                0x0000046b       0x1e c:/program files (x86)/atmel/studio/7.0/toolchain/arm/arm-gnu-toolchain/bin/../lib/gcc/arm-none-eabi/6.3.1/thumb/v7e-m\libgcc.a(_aeabi_uldivmod.o)
 .ARM.attributes
                0x00000489       0x2e c:/program files (x86)/atmel/studio/7.0/toolchain/arm/arm-gnu-toolchain/bin/../lib/gcc/arm-none-eabi/6.3.1/thumb/v7e-m\libgcc.a(_fixunsdfdi.o)
 .ARM.attributes
                0x000004b7       0x2e c:/program files (x86)/atmel/studio/7.0/toolchain/arm/arm-gnu-toolchain/bin/../lib/gcc/arm-none-eabi/6.3.1/thumb/v7e-m\libgcc.a(_udivmoddi4.o)
 .ARM.attributes
                0x000004e5       0x1e c:/program files (x86)/atmel/studio/7.0/toolchain/arm/arm-gnu-toolchain/bin/../lib/gcc/arm-none-eabi/6.3.1/thumb/v7e-m\libgcc.a(_dvmd_tls.o)
 .ARM.attributes
                0x00000503       0x1e c:/program files (x86)/atmel/studio/7.0/toolchain/arm/arm-gnu-toolchain/bin/../lib/gcc/arm-none-eabi/6.3.1/thumb/v7e-m\libgcc.a(_arm_fixunsdfsi.o)
 .ARM.attributes
                0x00000521       0x2e c:/program files (x86)/atmel/studio/7.0/toolchain/arm/arm-gnu-toolchain/bin/../lib/gcc/arm-none-eabi/6.3.1/../../../../arm-none-eabi/lib/thumb/v7e-m\libc.a(lib_a-impure.o)
 .ARM.attributes
                0x0000054f       0x2e c:/program files (x86)/atmel/studio/7.0/toolchain/arm/arm-gnu-toolchain/bin/../lib/gcc/arm-none-eabi/6.3.1/../../../../arm-none-eabi/lib/thumb/v7e-m\libc.a(lib_a-init.o)
 .ARM.attributes
                0x0000057d       0x2e c:/program files (x86)/atmel/studio/7.0/toolchain/arm/arm-gnu-toolchain/bin/../lib/gcc/arm-none-eabi/6.3.1/../../../../arm-none-eabi/lib/thumb/v7e-m\libc.a(lib_a-__call_atexit.o)
 .ARM.attributes
                0x000005ab       0x2e c:/program files (x86)/atmel/studio/7.0/toolchain/arm/arm-gnu-toolchain/bin/../lib/gcc/arm-none-eabi/6.3.1/../../../../arm-none-eabi/lib/thumb/v7e-m\libc.a(lib_a-atexit.o)
 .ARM.attributes
                0x000005d9       0x2e c:/program files (x86)/atmel/studio/7.0/toolchain/arm/arm-gnu-toolchain/bin/../lib/gcc/arm-none-eabi/6.3.1/../../../../arm-none-eabi/lib/thumb/v7e-m\libc.a(lib_a-fini.o)
 .ARM.attributes
                0x00000607       0x2e c:/program files (x86)/atmel/studio/7.0/toolchain/arm/arm-gnu-toolchain/bin/../lib/gcc/arm-none-eabi/6.3.1/../../../../arm-none-eabi/lib/thumb/v7e-m\libc.a(lib_a-lock.o)
 .ARM.attributes
                0x00000635       0x2e c:/program files (x86)/atmel/studio/7.0/toolchain/arm/arm-gnu-toolchain/bin/../lib/gcc/arm-none-eabi/6.3.1/../../../../arm-none-eabi/lib/thumb/v7e-m\libc.a(lib_a-__atexit.o)
 .ARM.attributes
                0x00000663       0x1e c:/program files (x86)/atmel/studio/7.0/toolchain/arm/arm-gnu-toolchain/bin/../lib/gcc/arm-none-eabi/6.3.1/thumb/v7e-m/crtn.o

.comment        0x00000000       0x59
 .comment       0x00000000       0x59 src/ASF/sam/drivers/spi/spi.o
                                 0x5a (size before relaxing)
 .comment       0x00000059       0x5a src/gfx_mono_framebuffer.o
 .comment       0x00000059       0x5a src/gfx_mono_generic.o
 .comment       0x00000059       0x5a src/gfx_mono_text.o
 .comment       0x00000059       0x5a src/gfx_mono_ug_2832hsweg04.o
 .comment       0x00000059       0x5a src/ssd1306.o
 .comment       0x00000059       0x5a src/sysfont.o
 .comment       0x00000059       0x5a src/ASF/common/services/delay/sam/cycle_counter.o
 .comment       0x00000059       0x5a src/ASF/common/services/clock/same70/sysclk.o
 .comment       0x00000059       0x5a src/ASF/common/utils/interrupt/interrupt_sam_nvic.o
 .comment       0x00000059       0x5a src/ASF/sam/boards/same70_xplained/init.o
 .comment       0x00000059       0x5a src/ASF/sam/drivers/pio/pio.o
 .comment       0x00000059       0x5a src/ASF/sam/drivers/pio/pio_handler.o
 .comment       0x00000059       0x5a src/ASF/sam/drivers/pmc/pmc.o
 .comment       0x00000059       0x5a src/ASF/sam/utils/cmsis/same70/source/templates/gcc/startup_same70.o
 .comment       0x00000059       0x5a src/ASF/sam/utils/cmsis/same70/source/templates/system_same70.o
 .comment       0x00000059       0x5a src/main.o

.debug_info     0x00000000    0x15d43
 .debug_info    0x00000000     0x115d src/ASF/sam/drivers/spi/spi.o
 .debug_info    0x0000115d      0xdd2 src/gfx_mono_framebuffer.o
 .debug_info    0x00001f2f     0x157d src/gfx_mono_generic.o
 .debug_info    0x000034ac      0xf6a src/gfx_mono_text.o
 .debug_info    0x00004416     0x11a0 src/gfx_mono_ug_2832hsweg04.o
 .debug_info    0x000055b6     0x1fae src/ssd1306.o
 .debug_info    0x00007564      0xb06 src/sysfont.o
 .debug_info    0x0000806a      0xa45 src/ASF/common/services/delay/sam/cycle_counter.o
 .debug_info    0x00008aaf     0x1267 src/ASF/common/services/clock/same70/sysclk.o
 .debug_info    0x00009d16      0xb01 src/ASF/common/utils/interrupt/interrupt_sam_nvic.o
 .debug_info    0x0000a817     0x1bd7 src/ASF/sam/boards/same70_xplained/init.o
 .debug_info    0x0000c3ee     0x2150 src/ASF/sam/drivers/pio/pio.o
 .debug_info    0x0000e53e     0x1b22 src/ASF/sam/drivers/pio/pio_handler.o
 .debug_info    0x00010060     0x1e0e src/ASF/sam/drivers/pmc/pmc.o
 .debug_info    0x00011e6e     0x156a src/ASF/sam/utils/cmsis/same70/source/templates/gcc/startup_same70.o
 .debug_info    0x000133d8      0x55b src/ASF/sam/utils/cmsis/same70/source/templates/system_same70.o
 .debug_info    0x00013933     0x2410 src/main.o

.debug_abbrev   0x00000000     0x30ab
 .debug_abbrev  0x00000000      0x3a5 src/ASF/sam/drivers/spi/spi.o
 .debug_abbrev  0x000003a5      0x284 src/gfx_mono_framebuffer.o
 .debug_abbrev  0x00000629      0x2a2 src/gfx_mono_generic.o
 .debug_abbrev  0x000008cb      0x30a src/gfx_mono_text.o
 .debug_abbrev  0x00000bd5      0x34b src/gfx_mono_ug_2832hsweg04.o
 .debug_abbrev  0x00000f20      0x35e src/ssd1306.o
 .debug_abbrev  0x0000127e      0x1b6 src/sysfont.o
 .debug_abbrev  0x00001434      0x1b3 src/ASF/common/services/delay/sam/cycle_counter.o
 .debug_abbrev  0x000015e7      0x31f src/ASF/common/services/clock/same70/sysclk.o
 .debug_abbrev  0x00001906      0x212 src/ASF/common/utils/interrupt/interrupt_sam_nvic.o
 .debug_abbrev  0x00001b18      0x368 src/ASF/sam/boards/same70_xplained/init.o
 .debug_abbrev  0x00001e80      0x410 src/ASF/sam/drivers/pio/pio.o
 .debug_abbrev  0x00002290      0x32f src/ASF/sam/drivers/pio/pio_handler.o
 .debug_abbrev  0x000025bf      0x369 src/ASF/sam/drivers/pmc/pmc.o
 .debug_abbrev  0x00002928      0x2e4 src/ASF/sam/utils/cmsis/same70/source/templates/gcc/startup_same70.o
 .debug_abbrev  0x00002c0c      0x102 src/ASF/sam/utils/cmsis/same70/source/templates/system_same70.o
 .debug_abbrev  0x00002d0e      0x39d src/main.o

.debug_loc      0x00000000     0x534e
 .debug_loc     0x00000000      0x610 src/ASF/sam/drivers/spi/spi.o
 .debug_loc     0x00000610      0x506 src/gfx_mono_framebuffer.o
 .debug_loc     0x00000b16      0xda8 src/gfx_mono_generic.o
 .debug_loc     0x000018be      0x66a src/gfx_mono_text.o
 .debug_loc     0x00001f28      0x6ee src/gfx_mono_ug_2832hsweg04.o
 .debug_loc     0x00002616      0x365 src/ssd1306.o
 .debug_loc     0x0000297b      0x183 src/ASF/common/services/clock/same70/sysclk.o
 .debug_loc     0x00002afe      0x1e7 src/ASF/sam/boards/same70_xplained/init.o
 .debug_loc     0x00002ce5      0xea4 src/ASF/sam/drivers/pio/pio.o
 .debug_loc     0x00003b89      0x588 src/ASF/sam/drivers/pio/pio_handler.o
 .debug_loc     0x00004111      0xce3 src/ASF/sam/drivers/pmc/pmc.o
 .debug_loc     0x00004df4       0x77 src/ASF/sam/utils/cmsis/same70/source/templates/gcc/startup_same70.o
 .debug_loc     0x00004e6b      0x4e3 src/main.o

.debug_aranges  0x00000000      0x7e0
 .debug_aranges
                0x00000000       0x90 src/ASF/sam/drivers/spi/spi.o
 .debug_aranges
                0x00000090       0x58 src/gfx_mono_framebuffer.o
 .debug_aranges
                0x000000e8       0x58 src/gfx_mono_generic.o
 .debug_aranges
                0x00000140       0x40 src/gfx_mono_text.o
 .debug_aranges
                0x00000180       0x60 src/gfx_mono_ug_2832hsweg04.o
 .debug_aranges
                0x000001e0       0x30 src/ssd1306.o
 .debug_aranges
                0x00000210       0x18 src/sysfont.o
 .debug_aranges
                0x00000228       0x20 src/ASF/common/services/delay/sam/cycle_counter.o
 .debug_aranges
                0x00000248       0x40 src/ASF/common/services/clock/same70/sysclk.o
 .debug_aranges
                0x00000288       0x28 src/ASF/common/utils/interrupt/interrupt_sam_nvic.o
 .debug_aranges
                0x000002b0       0x20 src/ASF/sam/boards/same70_xplained/init.o
 .debug_aranges
                0x000002d0      0x1a8 src/ASF/sam/drivers/pio/pio.o
 .debug_aranges
                0x00000478       0x60 src/ASF/sam/drivers/pio/pio_handler.o
 .debug_aranges
                0x000004d8      0x250 src/ASF/sam/drivers/pmc/pmc.o
 .debug_aranges
                0x00000728       0x28 src/ASF/sam/utils/cmsis/same70/source/templates/gcc/startup_same70.o
 .debug_aranges
                0x00000750       0x30 src/ASF/sam/utils/cmsis/same70/source/templates/system_same70.o
 .debug_aranges
                0x00000780       0x60 src/main.o

.debug_ranges   0x00000000      0x888
 .debug_ranges  0x00000000       0x80 src/ASF/sam/drivers/spi/spi.o
 .debug_ranges  0x00000080       0x48 src/gfx_mono_framebuffer.o
 .debug_ranges  0x000000c8       0x48 src/gfx_mono_generic.o
 .debug_ranges  0x00000110       0x48 src/gfx_mono_text.o
 .debug_ranges  0x00000158       0x80 src/gfx_mono_ug_2832hsweg04.o
 .debug_ranges  0x000001d8       0x20 src/ssd1306.o
 .debug_ranges  0x000001f8       0x10 src/ASF/common/services/delay/sam/cycle_counter.o
 .debug_ranges  0x00000208       0x30 src/ASF/common/services/clock/same70/sysclk.o
 .debug_ranges  0x00000238       0x18 src/ASF/common/utils/interrupt/interrupt_sam_nvic.o
 .debug_ranges  0x00000250       0x10 src/ASF/sam/boards/same70_xplained/init.o
 .debug_ranges  0x00000260      0x2a0 src/ASF/sam/drivers/pio/pio.o
 .debug_ranges  0x00000500       0x68 src/ASF/sam/drivers/pio/pio_handler.o
 .debug_ranges  0x00000568      0x240 src/ASF/sam/drivers/pmc/pmc.o
 .debug_ranges  0x000007a8       0x18 src/ASF/sam/utils/cmsis/same70/source/templates/gcc/startup_same70.o
 .debug_ranges  0x000007c0       0x20 src/ASF/sam/utils/cmsis/same70/source/templates/system_same70.o
 .debug_ranges  0x000007e0       0xa8 src/main.o

.debug_macro    0x00000000    0x2088d
 .debug_macro   0x00000000      0x6d9 src/ASF/sam/drivers/spi/spi.o
 .debug_macro   0x000006d9      0x8ce src/ASF/sam/drivers/spi/spi.o
 .debug_macro   0x00000fa7      0x16d src/ASF/sam/drivers/spi/spi.o
 .debug_macro   0x00001114      0x64b src/ASF/sam/drivers/spi/spi.o
 .debug_macro   0x0000175f       0x76 src/ASF/sam/drivers/spi/spi.o
 .debug_macro   0x000017d5       0x16 src/ASF/sam/drivers/spi/spi.o
 .debug_macro   0x000017eb      0x6e4 src/ASF/sam/drivers/spi/spi.o
 .debug_macro   0x00001ecf       0x22 src/ASF/sam/drivers/spi/spi.o
 .debug_macro   0x00001ef1       0x87 src/ASF/sam/drivers/spi/spi.o
 .debug_macro   0x00001f78       0x51 src/ASF/sam/drivers/spi/spi.o
 .debug_macro   0x00001fc9       0xef src/ASF/sam/drivers/spi/spi.o
 .debug_macro   0x000020b8       0x6a src/ASF/sam/drivers/spi/spi.o
 .debug_macro   0x00002122      0x1df src/ASF/sam/drivers/spi/spi.o
 .debug_macro   0x00002301       0x4a src/ASF/sam/drivers/spi/spi.o
 .debug_macro   0x0000234b       0x3b src/ASF/sam/drivers/spi/spi.o
 .debug_macro   0x00002386       0x2d src/ASF/sam/drivers/spi/spi.o
 .debug_macro   0x000023b3       0x26 src/ASF/sam/drivers/spi/spi.o
 .debug_macro   0x000023d9      0xf9a src/ASF/sam/drivers/spi/spi.o
 .debug_macro   0x00003373      0x175 src/ASF/sam/drivers/spi/spi.o
 .debug_macro   0x000034e8      0x257 src/ASF/sam/drivers/spi/spi.o
 .debug_macro   0x0000373f      0xa0f src/ASF/sam/drivers/spi/spi.o
 .debug_macro   0x0000414e      0x1b9 src/ASF/sam/drivers/spi/spi.o
 .debug_macro   0x00004307      0x336 src/ASF/sam/drivers/spi/spi.o
 .debug_macro   0x0000463d      0x15b src/ASF/sam/drivers/spi/spi.o
 .debug_macro   0x00004798     0x1851 src/ASF/sam/drivers/spi/spi.o
 .debug_macro   0x00005fe9       0x1c src/ASF/sam/drivers/spi/spi.o
 .debug_macro   0x00006005      0x68d src/ASF/sam/drivers/spi/spi.o
 .debug_macro   0x00006692      0x31e src/ASF/sam/drivers/spi/spi.o
 .debug_macro   0x000069b0      0x4d4 src/ASF/sam/drivers/spi/spi.o
 .debug_macro   0x00006e84      0x56e src/ASF/sam/drivers/spi/spi.o
 .debug_macro   0x000073f2     0x1332 src/ASF/sam/drivers/spi/spi.o
 .debug_macro   0x00008724     0x278d src/ASF/sam/drivers/spi/spi.o
 .debug_macro   0x0000aeb1     0x102b src/ASF/sam/drivers/spi/spi.o
 .debug_macro   0x0000bedc      0xe01 src/ASF/sam/drivers/spi/spi.o
 .debug_macro   0x0000ccdd      0x3b1 src/ASF/sam/drivers/spi/spi.o
 .debug_macro   0x0000d08e       0xa0 src/ASF/sam/drivers/spi/spi.o
 .debug_macro   0x0000d12e       0x76 src/ASF/sam/drivers/spi/spi.o
 .debug_macro   0x0000d1a4      0x409 src/ASF/sam/drivers/spi/spi.o
 .debug_macro   0x0000d5ad       0x64 src/ASF/sam/drivers/spi/spi.o
 .debug_macro   0x0000d611      0x284 src/ASF/sam/drivers/spi/spi.o
 .debug_macro   0x0000d895      0x1d0 src/ASF/sam/drivers/spi/spi.o
 .debug_macro   0x0000da65      0x248 src/ASF/sam/drivers/spi/spi.o
 .debug_macro   0x0000dcad      0x524 src/ASF/sam/drivers/spi/spi.o
 .debug_macro   0x0000e1d1      0x63b src/ASF/sam/drivers/spi/spi.o
 .debug_macro   0x0000e80c      0x6b8 src/ASF/sam/drivers/spi/spi.o
 .debug_macro   0x0000eec4       0x4c src/ASF/sam/drivers/spi/spi.o
 .debug_macro   0x0000ef10      0x468 src/ASF/sam/drivers/spi/spi.o
 .debug_macro   0x0000f378      0x207 src/ASF/sam/drivers/spi/spi.o
 .debug_macro   0x0000f57f      0x866 src/ASF/sam/drivers/spi/spi.o
 .debug_macro   0x0000fde5     0x1547 src/ASF/sam/drivers/spi/spi.o
 .debug_macro   0x0001132c       0x40 src/ASF/sam/drivers/spi/spi.o
 .debug_macro   0x0001136c       0x76 src/ASF/sam/drivers/spi/spi.o
 .debug_macro   0x000113e2      0xdaf src/ASF/sam/drivers/spi/spi.o
 .debug_macro   0x00012191       0x82 src/ASF/sam/drivers/spi/spi.o
 .debug_macro   0x00012213       0x76 src/ASF/sam/drivers/spi/spi.o
 .debug_macro   0x00012289       0x4c src/ASF/sam/drivers/spi/spi.o
 .debug_macro   0x000122d5      0x135 src/ASF/sam/drivers/spi/spi.o
 .debug_macro   0x0001240a      0x135 src/ASF/sam/drivers/spi/spi.o
 .debug_macro   0x0001253f      0x135 src/ASF/sam/drivers/spi/spi.o
 .debug_macro   0x00012674       0x6a src/ASF/sam/drivers/spi/spi.o
 .debug_macro   0x000126de       0x6a src/ASF/sam/drivers/spi/spi.o
 .debug_macro   0x00012748      0x313 src/ASF/sam/drivers/spi/spi.o
 .debug_macro   0x00012a5b       0xb2 src/ASF/sam/drivers/spi/spi.o
 .debug_macro   0x00012b0d       0xb2 src/ASF/sam/drivers/spi/spi.o
 .debug_macro   0x00012bbf       0xb2 src/ASF/sam/drivers/spi/spi.o
 .debug_macro   0x00012c71      0x11d src/ASF/sam/drivers/spi/spi.o
 .debug_macro   0x00012d8e      0x11d src/ASF/sam/drivers/spi/spi.o
 .debug_macro   0x00012eab      0x2cd src/ASF/sam/drivers/spi/spi.o
 .debug_macro   0x00013178       0xb8 src/ASF/sam/drivers/spi/spi.o
 .debug_macro   0x00013230       0x5e src/ASF/sam/drivers/spi/spi.o
 .debug_macro   0x0001328e       0x40 src/ASF/sam/drivers/spi/spi.o
 .debug_macro   0x000132ce       0x4c src/ASF/sam/drivers/spi/spi.o
 .debug_macro   0x0001331a       0xa0 src/ASF/sam/drivers/spi/spi.o
 .debug_macro   0x000133ba      0x494 src/ASF/sam/drivers/spi/spi.o
 .debug_macro   0x0001384e      0x135 src/ASF/sam/drivers/spi/spi.o
 .debug_macro   0x00013983       0x4c src/ASF/sam/drivers/spi/spi.o
 .debug_macro   0x000139cf      0x313 src/ASF/sam/drivers/spi/spi.o
 .debug_macro   0x00013ce2       0x6a src/ASF/sam/drivers/spi/spi.o
 .debug_macro   0x00013d4c       0xb8 src/ASF/sam/drivers/spi/spi.o
 .debug_macro   0x00013e04       0x6a src/ASF/sam/drivers/spi/spi.o
 .debug_macro   0x00013e6e       0x2e src/ASF/sam/drivers/spi/spi.o
 .debug_macro   0x00013e9c      0x9b1 src/ASF/sam/drivers/spi/spi.o
 .debug_macro   0x0001484d       0x6a src/ASF/sam/drivers/spi/spi.o
 .debug_macro   0x000148b7       0x88 src/ASF/sam/drivers/spi/spi.o
 .debug_macro   0x0001493f       0x58 src/ASF/sam/drivers/spi/spi.o
 .debug_macro   0x00014997       0xe2 src/ASF/sam/drivers/spi/spi.o
 .debug_macro   0x00014a79       0x16 src/ASF/sam/drivers/spi/spi.o
 .debug_macro   0x00014a8f       0xe2 src/ASF/sam/drivers/spi/spi.o
 .debug_macro   0x00014b71       0x4c src/ASF/sam/drivers/spi/spi.o
 .debug_macro   0x00014bbd       0x16 src/ASF/sam/drivers/spi/spi.o
 .debug_macro   0x00014bd3       0x4c src/ASF/sam/drivers/spi/spi.o
 .debug_macro   0x00014c1f       0x2e src/ASF/sam/drivers/spi/spi.o
 .debug_macro   0x00014c4d      0x1b5 src/ASF/sam/drivers/spi/spi.o
 .debug_macro   0x00014e02      0x1b5 src/ASF/sam/drivers/spi/spi.o
 .debug_macro   0x00014fb7      0x1b5 src/ASF/sam/drivers/spi/spi.o
 .debug_macro   0x0001516c      0x1b5 src/ASF/sam/drivers/spi/spi.o
 .debug_macro   0x00015321      0x1b5 src/ASF/sam/drivers/spi/spi.o
 .debug_macro   0x000154d6       0x1c src/ASF/sam/drivers/spi/spi.o
 .debug_macro   0x000154f2       0x2e src/ASF/sam/drivers/spi/spi.o
 .debug_macro   0x00015520       0x22 src/ASF/sam/drivers/spi/spi.o
 .debug_macro   0x00015542       0x1c src/ASF/sam/drivers/spi/spi.o
 .debug_macro   0x0001555e       0x52 src/ASF/sam/drivers/spi/spi.o
 .debug_macro   0x000155b0       0x10 src/ASF/sam/drivers/spi/spi.o
 .debug_macro   0x000155c0       0x1c src/ASF/sam/drivers/spi/spi.o
 .debug_macro   0x000155dc       0x4c src/ASF/sam/drivers/spi/spi.o
 .debug_macro   0x00015628       0x4c src/ASF/sam/drivers/spi/spi.o
 .debug_macro   0x00015674       0x4c src/ASF/sam/drivers/spi/spi.o
 .debug_macro   0x000156c0      0x31b src/ASF/sam/drivers/spi/spi.o
 .debug_macro   0x000159db     0x1022 src/ASF/sam/drivers/spi/spi.o
 .debug_macro   0x000169fd      0x107 src/ASF/sam/drivers/spi/spi.o
 .debug_macro   0x00016b04       0x58 src/ASF/sam/drivers/spi/spi.o
 .debug_macro   0x00016b5c       0x35 src/ASF/sam/drivers/spi/spi.o
 .debug_macro   0x00016b91       0x9c src/ASF/sam/drivers/spi/spi.o
 .debug_macro   0x00016c2d       0x16 src/ASF/sam/drivers/spi/spi.o
 .debug_macro   0x00016c43       0x35 src/ASF/sam/drivers/spi/spi.o
 .debug_macro   0x00016c78      0x353 src/ASF/sam/drivers/spi/spi.o
 .debug_macro   0x00016fcb       0x10 src/ASF/sam/drivers/spi/spi.o
 .debug_macro   0x00016fdb       0x58 src/ASF/sam/drivers/spi/spi.o
 .debug_macro   0x00017033       0x1f src/ASF/sam/drivers/spi/spi.o
 .debug_macro   0x00017052       0x43 src/ASF/sam/drivers/spi/spi.o
 .debug_macro   0x00017095       0x20 src/ASF/sam/drivers/spi/spi.o
 .debug_macro   0x000170b5      0x187 src/ASF/sam/drivers/spi/spi.o
 .debug_macro   0x0001723c       0x10 src/ASF/sam/drivers/spi/spi.o
 .debug_macro   0x0001724c       0x1c src/ASF/sam/drivers/spi/spi.o
 .debug_macro   0x00017268       0x52 src/ASF/sam/drivers/spi/spi.o
 .debug_macro   0x000172ba       0x40 src/ASF/sam/drivers/spi/spi.o
 .debug_macro   0x000172fa       0x10 src/ASF/sam/drivers/spi/spi.o
 .debug_macro   0x0001730a       0x40 src/ASF/sam/drivers/spi/spi.o
 .debug_macro   0x0001734a       0xd7 src/ASF/sam/drivers/spi/spi.o
 .debug_macro   0x00017421       0x16 src/ASF/sam/drivers/spi/spi.o
 .debug_macro   0x00017437      0x18b src/ASF/sam/drivers/spi/spi.o
 .debug_macro   0x000175c2       0x22 src/ASF/sam/drivers/spi/spi.o
 .debug_macro   0x000175e4       0x16 src/ASF/sam/drivers/spi/spi.o
 .debug_macro   0x000175fa       0x16 src/ASF/sam/drivers/spi/spi.o
 .debug_macro   0x00017610       0x29 src/ASF/sam/drivers/spi/spi.o
 .debug_macro   0x00017639       0x75 src/ASF/sam/drivers/spi/spi.o
 .debug_macro   0x000176ae       0x3f src/ASF/sam/drivers/spi/spi.o
 .debug_macro   0x000176ed      0x3ca src/ASF/sam/drivers/spi/spi.o
 .debug_macro   0x00017ab7       0x10 src/ASF/sam/drivers/spi/spi.o
 .debug_macro   0x00017ac7       0x3a src/ASF/sam/drivers/spi/spi.o
 .debug_macro   0x00017b01      0x2c6 src/ASF/sam/drivers/spi/spi.o
 .debug_macro   0x00017dc7      0xa96 src/ASF/sam/drivers/spi/spi.o
 .debug_macro   0x0001885d       0x70 src/ASF/sam/drivers/spi/spi.o
 .debug_macro   0x000188cd       0x64 src/ASF/sam/drivers/spi/spi.o
 .debug_macro   0x00018931       0x5f src/ASF/sam/drivers/spi/spi.o
 .debug_macro   0x00018990       0xac src/ASF/sam/drivers/spi/spi.o
 .debug_macro   0x00018a3c      0x7c5 src/gfx_mono_framebuffer.o
 .debug_macro   0x00019201       0x50 src/gfx_mono_framebuffer.o
 .debug_macro   0x00019251       0x22 src/gfx_mono_framebuffer.o
 .debug_macro   0x00019273       0x7b src/gfx_mono_framebuffer.o
 .debug_macro   0x000192ee       0x28 src/gfx_mono_framebuffer.o
 .debug_macro   0x00019316       0x23 src/gfx_mono_framebuffer.o
 .debug_macro   0x00019339       0x94 src/gfx_mono_framebuffer.o
 .debug_macro   0x000193cd       0x40 src/gfx_mono_framebuffer.o
 .debug_macro   0x0001940d       0x88 src/gfx_mono_framebuffer.o
 .debug_macro   0x00019495      0x1ce src/gfx_mono_framebuffer.o
 .debug_macro   0x00019663       0x34 src/gfx_mono_framebuffer.o
 .debug_macro   0x00019697       0x16 src/gfx_mono_framebuffer.o
 .debug_macro   0x000196ad       0x1c src/gfx_mono_framebuffer.o
 .debug_macro   0x000196c9       0x16 src/gfx_mono_framebuffer.o
 .debug_macro   0x000196df       0x28 src/gfx_mono_framebuffer.o
 .debug_macro   0x00019707       0xd1 src/gfx_mono_framebuffer.o
 .debug_macro   0x000197d8       0x8b src/gfx_mono_framebuffer.o
 .debug_macro   0x00019863      0x7c5 src/gfx_mono_generic.o
 .debug_macro   0x0001a028      0x7de src/gfx_mono_text.o
 .debug_macro   0x0001a806       0x52 src/gfx_mono_text.o
 .debug_macro   0x0001a858       0x8d src/gfx_mono_text.o
 .debug_macro   0x0001a8e5       0x16 src/gfx_mono_text.o
 .debug_macro   0x0001a8fb       0x57 src/gfx_mono_text.o
 .debug_macro   0x0001a952       0x1c src/gfx_mono_text.o
 .debug_macro   0x0001a96e      0x7c9 src/gfx_mono_ug_2832hsweg04.o
 .debug_macro   0x0001b137       0x28 src/gfx_mono_ug_2832hsweg04.o
 .debug_macro   0x0001b15f      0x79f src/ssd1306.o
 .debug_macro   0x0001b8fe      0x69c src/sysfont.o
 .debug_macro   0x0001bf9a       0x3a src/sysfont.o
 .debug_macro   0x0001bfd4      0x665 src/ASF/common/services/delay/sam/cycle_counter.o
 .debug_macro   0x0001c639       0x22 src/ASF/common/services/delay/sam/cycle_counter.o
 .debug_macro   0x0001c65b      0x6d1 src/ASF/common/services/clock/same70/sysclk.o
 .debug_macro   0x0001cd2c      0x2c0 src/ASF/common/services/clock/same70/sysclk.o
 .debug_macro   0x0001cfec      0x655 src/ASF/common/utils/interrupt/interrupt_sam_nvic.o
 .debug_macro   0x0001d641      0x70b src/ASF/sam/boards/same70_xplained/init.o
 .debug_macro   0x0001dd4c       0x82 src/ASF/sam/boards/same70_xplained/init.o
 .debug_macro   0x0001ddce      0x66b src/ASF/sam/drivers/pio/pio.o
 .debug_macro   0x0001e439       0x8e src/ASF/sam/drivers/pio/pio.o
 .debug_macro   0x0001e4c7      0x676 src/ASF/sam/drivers/pio/pio_handler.o
 .debug_macro   0x0001eb3d      0x66b src/ASF/sam/drivers/pmc/pmc.o
 .debug_macro   0x0001f1a8       0x6a src/ASF/sam/drivers/pmc/pmc.o
 .debug_macro   0x0001f212      0x664 src/ASF/sam/utils/cmsis/same70/source/templates/gcc/startup_same70.o
 .debug_macro   0x0001f876       0x10 src/ASF/sam/utils/cmsis/same70/source/templates/gcc/startup_same70.o
 .debug_macro   0x0001f886      0x455 src/ASF/sam/utils/cmsis/same70/source/templates/system_same70.o
 .debug_macro   0x0001fcdb      0x8d2 src/main.o
 .debug_macro   0x000205ad      0x2e0 src/main.o

.debug_line     0x00000000     0xd476
 .debug_line    0x00000000      0xc41 src/ASF/sam/drivers/spi/spi.o
 .debug_line    0x00000c41      0xe11 src/gfx_mono_framebuffer.o
 .debug_line    0x00001a52      0xec5 src/gfx_mono_generic.o
 .debug_line    0x00002917      0xe1f src/gfx_mono_text.o
 .debug_line    0x00003736      0xe99 src/gfx_mono_ug_2832hsweg04.o
 .debug_line    0x000045cf      0xdee src/ssd1306.o
 .debug_line    0x000053bd      0xa16 src/sysfont.o
 .debug_line    0x00005dd3      0x9ed src/ASF/common/services/delay/sam/cycle_counter.o
 .debug_line    0x000067c0      0xb4f src/ASF/common/services/clock/same70/sysclk.o
 .debug_line    0x0000730f      0xa01 src/ASF/common/utils/interrupt/interrupt_sam_nvic.o
 .debug_line    0x00007d10      0xc04 src/ASF/sam/boards/same70_xplained/init.o
 .debug_line    0x00008914      0xee3 src/ASF/sam/drivers/pio/pio.o
 .debug_line    0x000097f7      0xabf src/ASF/sam/drivers/pio/pio_handler.o
 .debug_line    0x0000a2b6     0x106b src/ASF/sam/drivers/pmc/pmc.o
 .debug_line    0x0000b321      0xa73 src/ASF/sam/utils/cmsis/same70/source/templates/gcc/startup_same70.o
 .debug_line    0x0000bd94      0x7e9 src/ASF/sam/utils/cmsis/same70/source/templates/system_same70.o
 .debug_line    0x0000c57d      0xef9 src/main.o

.debug_str      0x00000000    0x8fdd2
 .debug_str     0x00000000    0x85e2e src/ASF/sam/drivers/spi/spi.o
                              0x864eb (size before relaxing)
 .debug_str     0x00085e2e     0x2abe src/gfx_mono_framebuffer.o
                              0x88bb3 (size before relaxing)
 .debug_str     0x000888ec      0x257 src/gfx_mono_generic.o
                              0x88cf7 (size before relaxing)
 .debug_str     0x00088b43      0x261 src/gfx_mono_text.o
                              0x88cd2 (size before relaxing)
 .debug_str     0x00088da4      0x117 src/gfx_mono_ug_2832hsweg04.o
                              0x88c93 (size before relaxing)
 .debug_str     0x00088ebb      0x60d src/ssd1306.o
                              0x888cb (size before relaxing)
 .debug_str     0x000894c8     0x3edc src/sysfont.o
                              0x86118 (size before relaxing)
 .debug_str     0x0008d3a4       0x35 src/ASF/common/services/delay/sam/cycle_counter.o
                              0x82051 (size before relaxing)
 .debug_str     0x0008d3d9      0x3f1 src/ASF/common/services/clock/same70/sysclk.o
                              0x8656f (size before relaxing)
 .debug_str     0x0008d7ca       0x94 src/ASF/common/utils/interrupt/interrupt_sam_nvic.o
                              0x81f21 (size before relaxing)
 .debug_str     0x0008d85e      0x4f4 src/ASF/sam/boards/same70_xplained/init.o
                              0x8705f (size before relaxing)
 .debug_str     0x0008dd52      0x57b src/ASF/sam/drivers/pio/pio.o
                              0x82a77 (size before relaxing)
 .debug_str     0x0008e2cd      0x437 src/ASF/sam/drivers/pio/pio_handler.o
                              0x82b99 (size before relaxing)
 .debug_str     0x0008e704      0x699 src/ASF/sam/drivers/pmc/pmc.o
                              0x82bdb (size before relaxing)
 .debug_str     0x0008ed9d      0x64c src/ASF/sam/utils/cmsis/same70/source/templates/gcc/startup_same70.o
                              0x826ee (size before relaxing)
 .debug_str     0x0008f3e9      0x137 src/ASF/sam/utils/cmsis/same70/source/templates/system_same70.o
                              0x727fa (size before relaxing)
 .debug_str     0x0008f520      0x8b2 src/main.o
                              0x8da98 (size before relaxing)

.debug_frame    0x00000000     0x161c
 .debug_frame   0x00000000      0x140 src/ASF/sam/drivers/spi/spi.o
 .debug_frame   0x00000140       0xdc src/gfx_mono_framebuffer.o
 .debug_frame   0x0000021c      0x168 src/gfx_mono_generic.o
 .debug_frame   0x00000384       0xc8 src/gfx_mono_text.o
 .debug_frame   0x0000044c      0x124 src/gfx_mono_ug_2832hsweg04.o
 .debug_frame   0x00000570       0x6c src/ssd1306.o
 .debug_frame   0x000005dc       0x20 src/ASF/common/services/delay/sam/cycle_counter.o
 .debug_frame   0x000005fc       0x88 src/ASF/common/services/clock/same70/sysclk.o
 .debug_frame   0x00000684       0x30 src/ASF/common/utils/interrupt/interrupt_sam_nvic.o
 .debug_frame   0x000006b4       0x30 src/ASF/sam/boards/same70_xplained/init.o
 .debug_frame   0x000006e4      0x390 src/ASF/sam/drivers/pio/pio.o
 .debug_frame   0x00000a74      0x110 src/ASF/sam/drivers/pio/pio_handler.o
 .debug_frame   0x00000b84      0x494 src/ASF/sam/drivers/pmc/pmc.o
 .debug_frame   0x00001018       0x38 src/ASF/sam/utils/cmsis/same70/source/templates/gcc/startup_same70.o
 .debug_frame   0x00001050       0x40 src/ASF/sam/utils/cmsis/same70/source/templates/system_same70.o
 .debug_frame   0x00001090      0x138 src/main.o
 .debug_frame   0x000011c8       0xac c:/program files (x86)/atmel/studio/7.0/toolchain/arm/arm-gnu-toolchain/bin/../lib/gcc/arm-none-eabi/6.3.1/thumb/v7e-m\libgcc.a(_arm_addsubdf3.o)
 .debug_frame   0x00001274       0x50 c:/program files (x86)/atmel/studio/7.0/toolchain/arm/arm-gnu-toolchain/bin/../lib/gcc/arm-none-eabi/6.3.1/thumb/v7e-m\libgcc.a(_arm_muldivdf3.o)
 .debug_frame   0x000012c4       0xc4 c:/program files (x86)/atmel/studio/7.0/toolchain/arm/arm-gnu-toolchain/bin/../lib/gcc/arm-none-eabi/6.3.1/thumb/v7e-m\libgcc.a(_arm_cmpdf2.o)
 .debug_frame   0x00001388       0x24 c:/program files (x86)/atmel/studio/7.0/toolchain/arm/arm-gnu-toolchain/bin/../lib/gcc/arm-none-eabi/6.3.1/thumb/v7e-m\libgcc.a(_arm_truncdfsf2.o)
 .debug_frame   0x000013ac       0x2c c:/program files (x86)/atmel/studio/7.0/toolchain/arm/arm-gnu-toolchain/bin/../lib/gcc/arm-none-eabi/6.3.1/thumb/v7e-m\libgcc.a(_aeabi_uldivmod.o)
 .debug_frame   0x000013d8       0x2c c:/program files (x86)/atmel/studio/7.0/toolchain/arm/arm-gnu-toolchain/bin/../lib/gcc/arm-none-eabi/6.3.1/thumb/v7e-m\libgcc.a(_fixunsdfdi.o)
 .debug_frame   0x00001404       0x34 c:/program files (x86)/atmel/studio/7.0/toolchain/arm/arm-gnu-toolchain/bin/../lib/gcc/arm-none-eabi/6.3.1/thumb/v7e-m\libgcc.a(_udivmoddi4.o)
 .debug_frame   0x00001438       0x24 c:/program files (x86)/atmel/studio/7.0/toolchain/arm/arm-gnu-toolchain/bin/../lib/gcc/arm-none-eabi/6.3.1/thumb/v7e-m\libgcc.a(_arm_fixunsdfsi.o)
 .debug_frame   0x0000145c       0x2c c:/program files (x86)/atmel/studio/7.0/toolchain/arm/arm-gnu-toolchain/bin/../lib/gcc/arm-none-eabi/6.3.1/../../../../arm-none-eabi/lib/thumb/v7e-m\libc.a(lib_a-init.o)
 .debug_frame   0x00001488       0x5c c:/program files (x86)/atmel/studio/7.0/toolchain/arm/arm-gnu-toolchain/bin/../lib/gcc/arm-none-eabi/6.3.1/../../../../arm-none-eabi/lib/thumb/v7e-m\libc.a(lib_a-__call_atexit.o)
 .debug_frame   0x000014e4       0x20 c:/program files (x86)/atmel/studio/7.0/toolchain/arm/arm-gnu-toolchain/bin/../lib/gcc/arm-none-eabi/6.3.1/../../../../arm-none-eabi/lib/thumb/v7e-m\libc.a(lib_a-atexit.o)
 .debug_frame   0x00001504       0x34 c:/program files (x86)/atmel/studio/7.0/toolchain/arm/arm-gnu-toolchain/bin/../lib/gcc/arm-none-eabi/6.3.1/../../../../arm-none-eabi/lib/thumb/v7e-m\libc.a(lib_a-fini.o)
 .debug_frame   0x00001538       0xb0 c:/program files (x86)/atmel/studio/7.0/toolchain/arm/arm-gnu-toolchain/bin/../lib/gcc/arm-none-eabi/6.3.1/../../../../arm-none-eabi/lib/thumb/v7e-m\libc.a(lib_a-lock.o)
 .debug_frame   0x000015e8       0x34 c:/program files (x86)/atmel/studio/7.0/toolchain/arm/arm-gnu-toolchain/bin/../lib/gcc/arm-none-eabi/6.3.1/../../../../arm-none-eabi/lib/thumb/v7e-m\libc.a(lib_a-__atexit.o)

Cross Reference Table

Symbol                                            File
ACC_Handler                                       src/ASF/sam/utils/cmsis/same70/source/templates/gcc/startup_same70.o
AES_Handler                                       src/ASF/sam/utils/cmsis/same70/source/templates/gcc/startup_same70.o
AFEC0_Handler                                     src/ASF/sam/utils/cmsis/same70/source/templates/gcc/startup_same70.o
AFEC1_Handler                                     src/ASF/sam/utils/cmsis/same70/source/templates/gcc/startup_same70.o
BusFault_Handler                                  src/ASF/sam/utils/cmsis/same70/source/templates/gcc/startup_same70.o
DACC_Handler                                      src/ASF/sam/utils/cmsis/same70/source/templates/gcc/startup_same70.o
DebugMon_Handler                                  src/ASF/sam/utils/cmsis/same70/source/templates/gcc/startup_same70.o
Dummy_Handler                                     src/ASF/sam/utils/cmsis/same70/source/templates/gcc/startup_same70.o
EFC_Handler                                       src/ASF/sam/utils/cmsis/same70/source/templates/gcc/startup_same70.o
GMAC_Handler                                      src/ASF/sam/utils/cmsis/same70/source/templates/gcc/startup_same70.o
HSMCI_Handler                                     src/ASF/sam/utils/cmsis/same70/source/templates/gcc/startup_same70.o
HardFault_Handler                                 src/ASF/sam/utils/cmsis/same70/source/templates/gcc/startup_same70.o
ICM_Handler                                       src/ASF/sam/utils/cmsis/same70/source/templates/gcc/startup_same70.o
ISI_Handler                                       src/ASF/sam/utils/cmsis/same70/source/templates/gcc/startup_same70.o
MCAN0_Handler                                     src/ASF/sam/utils/cmsis/same70/source/templates/gcc/startup_same70.o
MCAN1_Handler                                     src/ASF/sam/utils/cmsis/same70/source/templates/gcc/startup_same70.o
MemManage_Handler                                 src/ASF/sam/utils/cmsis/same70/source/templates/gcc/startup_same70.o
NMI_Handler                                       src/ASF/sam/utils/cmsis/same70/source/templates/gcc/startup_same70.o
ORDER                                             src/main.o
PAUSE                                             src/main.o
PIOA_Handler                                      src/ASF/sam/drivers/pio/pio_handler.o
PIOB_Handler                                      src/ASF/sam/drivers/pio/pio_handler.o
PIOC_Handler                                      src/ASF/sam/drivers/pio/pio_handler.o
PIOD_Handler                                      src/ASF/sam/drivers/pio/pio_handler.o
PIOE_Handler                                      src/ASF/sam/drivers/pio/pio_handler.o
PMC_Handler                                       src/ASF/sam/utils/cmsis/same70/source/templates/gcc/startup_same70.o
PWM0_Handler                                      src/ASF/sam/utils/cmsis/same70/source/templates/gcc/startup_same70.o
PWM1_Handler                                      src/ASF/sam/utils/cmsis/same70/source/templates/gcc/startup_same70.o
PendSV_Handler                                    src/ASF/sam/utils/cmsis/same70/source/templates/gcc/startup_same70.o
QSPI_Handler                                      src/ASF/sam/utils/cmsis/same70/source/templates/gcc/startup_same70.o
RSTC_Handler                                      src/ASF/sam/utils/cmsis/same70/source/templates/gcc/startup_same70.o
RSWDT_Handler                                     src/ASF/sam/utils/cmsis/same70/source/templates/gcc/startup_same70.o
RTC_Handler                                       src/ASF/sam/utils/cmsis/same70/source/templates/gcc/startup_same70.o
RTT_Handler                                       src/ASF/sam/utils/cmsis/same70/source/templates/gcc/startup_same70.o
Reset_Handler                                     src/ASF/sam/utils/cmsis/same70/source/templates/gcc/startup_same70.o
SDRAMC_Handler                                    src/ASF/sam/utils/cmsis/same70/source/templates/gcc/startup_same70.o
SPI0_Handler                                      src/ASF/sam/utils/cmsis/same70/source/templates/gcc/startup_same70.o
SPI1_Handler                                      src/ASF/sam/utils/cmsis/same70/source/templates/gcc/startup_same70.o
SSC_Handler                                       src/ASF/sam/utils/cmsis/same70/source/templates/gcc/startup_same70.o
SUPC_Handler                                      src/ASF/sam/utils/cmsis/same70/source/templates/gcc/startup_same70.o
SVC_Handler                                       src/ASF/sam/utils/cmsis/same70/source/templates/gcc/startup_same70.o
SysTick_Handler                                   src/ASF/sam/utils/cmsis/same70/source/templates/gcc/startup_same70.o
SystemCoreClock                                   src/ASF/sam/utils/cmsis/same70/source/templates/system_same70.o
SystemCoreClockUpdate                             src/ASF/sam/utils/cmsis/same70/source/templates/system_same70.o
                                                  src/ASF/common/services/clock/same70/sysclk.o
SystemInit                                        src/ASF/sam/utils/cmsis/same70/source/templates/system_same70.o
TC0_Handler                                       src/ASF/sam/utils/cmsis/same70/source/templates/gcc/startup_same70.o
TC10_Handler                                      src/ASF/sam/utils/cmsis/same70/source/templates/gcc/startup_same70.o
TC11_Handler                                      src/ASF/sam/utils/cmsis/same70/source/templates/gcc/startup_same70.o
TC1_Handler                                       src/ASF/sam/utils/cmsis/same70/source/templates/gcc/startup_same70.o
TC2_Handler                                       src/ASF/sam/utils/cmsis/same70/source/templates/gcc/startup_same70.o
TC3_Handler                                       src/ASF/sam/utils/cmsis/same70/source/templates/gcc/startup_same70.o
TC4_Handler                                       src/ASF/sam/utils/cmsis/same70/source/templates/gcc/startup_same70.o
TC5_Handler                                       src/ASF/sam/utils/cmsis/same70/source/templates/gcc/startup_same70.o
TC6_Handler                                       src/ASF/sam/utils/cmsis/same70/source/templates/gcc/startup_same70.o
TC7_Handler                                       src/ASF/sam/utils/cmsis/same70/source/templates/gcc/startup_same70.o
TC8_Handler                                       src/ASF/sam/utils/cmsis/same70/source/templates/gcc/startup_same70.o
TC9_Handler                                       src/ASF/sam/utils/cmsis/same70/source/templates/gcc/startup_same70.o
TRNG_Handler                                      src/ASF/sam/utils/cmsis/same70/source/templates/gcc/startup_same70.o
TWIHS0_Handler                                    src/ASF/sam/utils/cmsis/same70/source/templates/gcc/startup_same70.o
TWIHS1_Handler                                    src/ASF/sam/utils/cmsis/same70/source/templates/gcc/startup_same70.o
TWIHS2_Handler                                    src/ASF/sam/utils/cmsis/same70/source/templates/gcc/startup_same70.o
UART0_Handler                                     src/ASF/sam/utils/cmsis/same70/source/templates/gcc/startup_same70.o
UART1_Handler                                     src/ASF/sam/utils/cmsis/same70/source/templates/gcc/startup_same70.o
UART2_Handler                                     src/ASF/sam/utils/cmsis/same70/source/templates/gcc/startup_same70.o
UART3_Handler                                     src/ASF/sam/utils/cmsis/same70/source/templates/gcc/startup_same70.o
UART4_Handler                                     src/ASF/sam/utils/cmsis/same70/source/templates/gcc/startup_same70.o
USART0_Handler                                    src/ASF/sam/utils/cmsis/same70/source/templates/gcc/startup_same70.o
USART1_Handler                                    src/ASF/sam/utils/cmsis/same70/source/templates/gcc/startup_same70.o
USART2_Handler                                    src/ASF/sam/utils/cmsis/same70/source/templates/gcc/startup_same70.o
USBHS_Handler                                     src/ASF/sam/utils/cmsis/same70/source/templates/gcc/startup_same70.o
UsageFault_Handler                                src/ASF/sam/utils/cmsis/same70/source/templates/gcc/startup_same70.o
WDT_Handler                                       src/ASF/sam/utils/cmsis/same70/source/templates/gcc/startup_same70.o
XDMAC_Handler                                     src/ASF/sam/utils/cmsis/same70/source/templates/gcc/startup_same70.o
_Jv_RegisterClasses                               c:/program files (x86)/atmel/studio/7.0/toolchain/arm/arm-gnu-toolchain/bin/../lib/gcc/arm-none-eabi/6.3.1/thumb/v7e-m/crtbegin.o
__adddf3                                          c:/program files (x86)/atmel/studio/7.0/toolchain/arm/arm-gnu-toolchain/bin/../lib/gcc/arm-none-eabi/6.3.1/thumb/v7e-m\libgcc.a(_arm_addsubdf3.o)
__aeabi_cdcmpeq                                   c:/program files (x86)/atmel/studio/7.0/toolchain/arm/arm-gnu-toolchain/bin/../lib/gcc/arm-none-eabi/6.3.1/thumb/v7e-m\libgcc.a(_arm_cmpdf2.o)
__aeabi_cdcmple                                   c:/program files (x86)/atmel/studio/7.0/toolchain/arm/arm-gnu-toolchain/bin/../lib/gcc/arm-none-eabi/6.3.1/thumb/v7e-m\libgcc.a(_arm_cmpdf2.o)
__aeabi_cdrcmple                                  c:/program files (x86)/atmel/studio/7.0/toolchain/arm/arm-gnu-toolchain/bin/../lib/gcc/arm-none-eabi/6.3.1/thumb/v7e-m\libgcc.a(_arm_cmpdf2.o)
__aeabi_d2f                                       c:/program files (x86)/atmel/studio/7.0/toolchain/arm/arm-gnu-toolchain/bin/../lib/gcc/arm-none-eabi/6.3.1/thumb/v7e-m\libgcc.a(_arm_truncdfsf2.o)
                                                  src/main.o
__aeabi_d2uiz                                     c:/program files (x86)/atmel/studio/7.0/toolchain/arm/arm-gnu-toolchain/bin/../lib/gcc/arm-none-eabi/6.3.1/thumb/v7e-m\libgcc.a(_arm_fixunsdfsi.o)
                                                  c:/program files (x86)/atmel/studio/7.0/toolchain/arm/arm-gnu-toolchain/bin/../lib/gcc/arm-none-eabi/6.3.1/thumb/v7e-m\libgcc.a(_fixunsdfdi.o)
__aeabi_d2ulz                                     c:/program files (x86)/atmel/studio/7.0/toolchain/arm/arm-gnu-toolchain/bin/../lib/gcc/arm-none-eabi/6.3.1/thumb/v7e-m\libgcc.a(_fixunsdfdi.o)
                                                  src/main.o
__aeabi_dadd                                      c:/program files (x86)/atmel/studio/7.0/toolchain/arm/arm-gnu-toolchain/bin/../lib/gcc/arm-none-eabi/6.3.1/thumb/v7e-m\libgcc.a(_arm_addsubdf3.o)
__aeabi_dcmpeq                                    c:/program files (x86)/atmel/studio/7.0/toolchain/arm/arm-gnu-toolchain/bin/../lib/gcc/arm-none-eabi/6.3.1/thumb/v7e-m\libgcc.a(_arm_cmpdf2.o)
                                                  src/main.o
__aeabi_dcmpge                                    c:/program files (x86)/atmel/studio/7.0/toolchain/arm/arm-gnu-toolchain/bin/../lib/gcc/arm-none-eabi/6.3.1/thumb/v7e-m\libgcc.a(_arm_cmpdf2.o)
__aeabi_dcmpgt                                    c:/program files (x86)/atmel/studio/7.0/toolchain/arm/arm-gnu-toolchain/bin/../lib/gcc/arm-none-eabi/6.3.1/thumb/v7e-m\libgcc.a(_arm_cmpdf2.o)
                                                  src/main.o
__aeabi_dcmple                                    c:/program files (x86)/atmel/studio/7.0/toolchain/arm/arm-gnu-toolchain/bin/../lib/gcc/arm-none-eabi/6.3.1/thumb/v7e-m\libgcc.a(_arm_cmpdf2.o)
__aeabi_dcmplt                                    c:/program files (x86)/atmel/studio/7.0/toolchain/arm/arm-gnu-toolchain/bin/../lib/gcc/arm-none-eabi/6.3.1/thumb/v7e-m\libgcc.a(_arm_cmpdf2.o)
                                                  src/main.o
__aeabi_ddiv                                      c:/program files (x86)/atmel/studio/7.0/toolchain/arm/arm-gnu-toolchain/bin/../lib/gcc/arm-none-eabi/6.3.1/thumb/v7e-m\libgcc.a(_arm_muldivdf3.o)
                                                  src/main.o
__aeabi_dmul                                      c:/program files (x86)/atmel/studio/7.0/toolchain/arm/arm-gnu-toolchain/bin/../lib/gcc/arm-none-eabi/6.3.1/thumb/v7e-m\libgcc.a(_arm_muldivdf3.o)
                                                  c:/program files (x86)/atmel/studio/7.0/toolchain/arm/arm-gnu-toolchain/bin/../lib/gcc/arm-none-eabi/6.3.1/thumb/v7e-m\libgcc.a(_fixunsdfdi.o)
                                                  src/main.o
__aeabi_drsub                                     c:/program files (x86)/atmel/studio/7.0/toolchain/arm/arm-gnu-toolchain/bin/../lib/gcc/arm-none-eabi/6.3.1/thumb/v7e-m\libgcc.a(_arm_addsubdf3.o)
__aeabi_dsub                                      c:/program files (x86)/atmel/studio/7.0/toolchain/arm/arm-gnu-toolchain/bin/../lib/gcc/arm-none-eabi/6.3.1/thumb/v7e-m\libgcc.a(_arm_addsubdf3.o)
                                                  c:/program files (x86)/atmel/studio/7.0/toolchain/arm/arm-gnu-toolchain/bin/../lib/gcc/arm-none-eabi/6.3.1/thumb/v7e-m\libgcc.a(_fixunsdfdi.o)
__aeabi_f2d                                       c:/program files (x86)/atmel/studio/7.0/toolchain/arm/arm-gnu-toolchain/bin/../lib/gcc/arm-none-eabi/6.3.1/thumb/v7e-m\libgcc.a(_arm_addsubdf3.o)
                                                  src/main.o
__aeabi_i2d                                       c:/program files (x86)/atmel/studio/7.0/toolchain/arm/arm-gnu-toolchain/bin/../lib/gcc/arm-none-eabi/6.3.1/thumb/v7e-m\libgcc.a(_arm_addsubdf3.o)
                                                  src/main.o
__aeabi_idiv0                                     c:/program files (x86)/atmel/studio/7.0/toolchain/arm/arm-gnu-toolchain/bin/../lib/gcc/arm-none-eabi/6.3.1/thumb/v7e-m\libgcc.a(_dvmd_tls.o)
__aeabi_l2d                                       c:/program files (x86)/atmel/studio/7.0/toolchain/arm/arm-gnu-toolchain/bin/../lib/gcc/arm-none-eabi/6.3.1/thumb/v7e-m\libgcc.a(_arm_addsubdf3.o)
__aeabi_ldiv0                                     c:/program files (x86)/atmel/studio/7.0/toolchain/arm/arm-gnu-toolchain/bin/../lib/gcc/arm-none-eabi/6.3.1/thumb/v7e-m\libgcc.a(_dvmd_tls.o)
                                                  c:/program files (x86)/atmel/studio/7.0/toolchain/arm/arm-gnu-toolchain/bin/../lib/gcc/arm-none-eabi/6.3.1/thumb/v7e-m\libgcc.a(_aeabi_uldivmod.o)
__aeabi_ui2d                                      c:/program files (x86)/atmel/studio/7.0/toolchain/arm/arm-gnu-toolchain/bin/../lib/gcc/arm-none-eabi/6.3.1/thumb/v7e-m\libgcc.a(_arm_addsubdf3.o)
                                                  c:/program files (x86)/atmel/studio/7.0/toolchain/arm/arm-gnu-toolchain/bin/../lib/gcc/arm-none-eabi/6.3.1/thumb/v7e-m\libgcc.a(_fixunsdfdi.o)
__aeabi_ul2d                                      c:/program files (x86)/atmel/studio/7.0/toolchain/arm/arm-gnu-toolchain/bin/../lib/gcc/arm-none-eabi/6.3.1/thumb/v7e-m\libgcc.a(_arm_addsubdf3.o)
__aeabi_uldivmod                                  c:/program files (x86)/atmel/studio/7.0/toolchain/arm/arm-gnu-toolchain/bin/../lib/gcc/arm-none-eabi/6.3.1/thumb/v7e-m\libgcc.a(_aeabi_uldivmod.o)
                                                  src/main.o
__atexit_recursive_mutex                          c:/program files (x86)/atmel/studio/7.0/toolchain/arm/arm-gnu-toolchain/bin/../lib/gcc/arm-none-eabi/6.3.1/../../../../arm-none-eabi/lib/thumb/v7e-m\libc.a(lib_a-__call_atexit.o)
                                                  c:/program files (x86)/atmel/studio/7.0/toolchain/arm/arm-gnu-toolchain/bin/../lib/gcc/arm-none-eabi/6.3.1/../../../../arm-none-eabi/lib/thumb/v7e-m\libc.a(lib_a-__atexit.o)
__bss_end__                                       c:/program files (x86)/atmel/studio/7.0/toolchain/arm/arm-gnu-toolchain/bin/../lib/gcc/arm-none-eabi/6.3.1/../../../../arm-none-eabi/lib/thumb/v7e-m/crt0.o
__bss_start__                                     c:/program files (x86)/atmel/studio/7.0/toolchain/arm/arm-gnu-toolchain/bin/../lib/gcc/arm-none-eabi/6.3.1/../../../../arm-none-eabi/lib/thumb/v7e-m/crt0.o
__call_exitprocs                                  c:/program files (x86)/atmel/studio/7.0/toolchain/arm/arm-gnu-toolchain/bin/../lib/gcc/arm-none-eabi/6.3.1/../../../../arm-none-eabi/lib/thumb/v7e-m\libc.a(lib_a-__call_atexit.o)
                                                  c:/program files (x86)/atmel/studio/7.0/toolchain/arm/arm-gnu-toolchain/bin/../lib/gcc/arm-none-eabi/6.3.1/../../../../arm-none-eabi/lib/thumb/v7e-m\libc.a(lib_a-exit.o)
__cmpdf2                                          c:/program files (x86)/atmel/studio/7.0/toolchain/arm/arm-gnu-toolchain/bin/../lib/gcc/arm-none-eabi/6.3.1/thumb/v7e-m\libgcc.a(_arm_cmpdf2.o)
__deregister_frame_info                           c:/program files (x86)/atmel/studio/7.0/toolchain/arm/arm-gnu-toolchain/bin/../lib/gcc/arm-none-eabi/6.3.1/thumb/v7e-m/crtbegin.o
__divdf3                                          c:/program files (x86)/atmel/studio/7.0/toolchain/arm/arm-gnu-toolchain/bin/../lib/gcc/arm-none-eabi/6.3.1/thumb/v7e-m\libgcc.a(_arm_muldivdf3.o)
__dso_handle                                      c:/program files (x86)/atmel/studio/7.0/toolchain/arm/arm-gnu-toolchain/bin/../lib/gcc/arm-none-eabi/6.3.1/thumb/v7e-m/crtbegin.o
__eqdf2                                           c:/program files (x86)/atmel/studio/7.0/toolchain/arm/arm-gnu-toolchain/bin/../lib/gcc/arm-none-eabi/6.3.1/thumb/v7e-m\libgcc.a(_arm_cmpdf2.o)
__extendsfdf2                                     c:/program files (x86)/atmel/studio/7.0/toolchain/arm/arm-gnu-toolchain/bin/../lib/gcc/arm-none-eabi/6.3.1/thumb/v7e-m\libgcc.a(_arm_addsubdf3.o)
__fini_array_end                                  c:/program files (x86)/atmel/studio/7.0/toolchain/arm/arm-gnu-toolchain/bin/../lib/gcc/arm-none-eabi/6.3.1/../../../../arm-none-eabi/lib/thumb/v7e-m\libc.a(lib_a-fini.o)
__fini_array_start                                c:/program files (x86)/atmel/studio/7.0/toolchain/arm/arm-gnu-toolchain/bin/../lib/gcc/arm-none-eabi/6.3.1/../../../../arm-none-eabi/lib/thumb/v7e-m\libc.a(lib_a-fini.o)
__fixunsdfdi                                      c:/program files (x86)/atmel/studio/7.0/toolchain/arm/arm-gnu-toolchain/bin/../lib/gcc/arm-none-eabi/6.3.1/thumb/v7e-m\libgcc.a(_fixunsdfdi.o)
__fixunsdfsi                                      c:/program files (x86)/atmel/studio/7.0/toolchain/arm/arm-gnu-toolchain/bin/../lib/gcc/arm-none-eabi/6.3.1/thumb/v7e-m\libgcc.a(_arm_fixunsdfsi.o)
__floatdidf                                       c:/program files (x86)/atmel/studio/7.0/toolchain/arm/arm-gnu-toolchain/bin/../lib/gcc/arm-none-eabi/6.3.1/thumb/v7e-m\libgcc.a(_arm_addsubdf3.o)
__floatsidf                                       c:/program files (x86)/atmel/studio/7.0/toolchain/arm/arm-gnu-toolchain/bin/../lib/gcc/arm-none-eabi/6.3.1/thumb/v7e-m\libgcc.a(_arm_addsubdf3.o)
__floatundidf                                     c:/program files (x86)/atmel/studio/7.0/toolchain/arm/arm-gnu-toolchain/bin/../lib/gcc/arm-none-eabi/6.3.1/thumb/v7e-m\libgcc.a(_arm_addsubdf3.o)
__floatunsidf                                     c:/program files (x86)/atmel/studio/7.0/toolchain/arm/arm-gnu-toolchain/bin/../lib/gcc/arm-none-eabi/6.3.1/thumb/v7e-m\libgcc.a(_arm_addsubdf3.o)
__gedf2                                           c:/program files (x86)/atmel/studio/7.0/toolchain/arm/arm-gnu-toolchain/bin/../lib/gcc/arm-none-eabi/6.3.1/thumb/v7e-m\libgcc.a(_arm_cmpdf2.o)
__gtdf2                                           c:/program files (x86)/atmel/studio/7.0/toolchain/arm/arm-gnu-toolchain/bin/../lib/gcc/arm-none-eabi/6.3.1/thumb/v7e-m\libgcc.a(_arm_cmpdf2.o)
__init_array_end                                  c:/program files (x86)/atmel/studio/7.0/toolchain/arm/arm-gnu-toolchain/bin/../lib/gcc/arm-none-eabi/6.3.1/../../../../arm-none-eabi/lib/thumb/v7e-m\libc.a(lib_a-init.o)
__init_array_start                                c:/program files (x86)/atmel/studio/7.0/toolchain/arm/arm-gnu-toolchain/bin/../lib/gcc/arm-none-eabi/6.3.1/../../../../arm-none-eabi/lib/thumb/v7e-m\libc.a(lib_a-init.o)
__ledf2                                           c:/program files (x86)/atmel/studio/7.0/toolchain/arm/arm-gnu-toolchain/bin/../lib/gcc/arm-none-eabi/6.3.1/thumb/v7e-m\libgcc.a(_arm_cmpdf2.o)
__libc_fini                                       c:/program files (x86)/atmel/studio/7.0/toolchain/arm/arm-gnu-toolchain/bin/../lib/gcc/arm-none-eabi/6.3.1/../../../../arm-none-eabi/lib/thumb/v7e-m\libc.a(lib_a-__call_atexit.o)
__libc_fini_array                                 c:/program files (x86)/atmel/studio/7.0/toolchain/arm/arm-gnu-toolchain/bin/../lib/gcc/arm-none-eabi/6.3.1/../../../../arm-none-eabi/lib/thumb/v7e-m\libc.a(lib_a-fini.o)
                                                  c:/program files (x86)/atmel/studio/7.0/toolchain/arm/arm-gnu-toolchain/bin/../lib/gcc/arm-none-eabi/6.3.1/../../../../arm-none-eabi/lib/thumb/v7e-m\libc.a(lib_a-__call_atexit.o)
                                                  c:/program files (x86)/atmel/studio/7.0/toolchain/arm/arm-gnu-toolchain/bin/../lib/gcc/arm-none-eabi/6.3.1/../../../../arm-none-eabi/lib/thumb/v7e-m/crt0.o
__libc_init_array                                 c:/program files (x86)/atmel/studio/7.0/toolchain/arm/arm-gnu-toolchain/bin/../lib/gcc/arm-none-eabi/6.3.1/../../../../arm-none-eabi/lib/thumb/v7e-m\libc.a(lib_a-init.o)
                                                  src/ASF/sam/utils/cmsis/same70/source/templates/gcc/startup_same70.o
                                                  c:/program files (x86)/atmel/studio/7.0/toolchain/arm/arm-gnu-toolchain/bin/../lib/gcc/arm-none-eabi/6.3.1/../../../../arm-none-eabi/lib/thumb/v7e-m/crt0.o
__lock___arc4random_mutex                         c:/program files (x86)/atmel/studio/7.0/toolchain/arm/arm-gnu-toolchain/bin/../lib/gcc/arm-none-eabi/6.3.1/../../../../arm-none-eabi/lib/thumb/v7e-m\libc.a(lib_a-lock.o)
__lock___at_quick_exit_mutex                      c:/program files (x86)/atmel/studio/7.0/toolchain/arm/arm-gnu-toolchain/bin/../lib/gcc/arm-none-eabi/6.3.1/../../../../arm-none-eabi/lib/thumb/v7e-m\libc.a(lib_a-lock.o)
__lock___atexit_recursive_mutex                   c:/program files (x86)/atmel/studio/7.0/toolchain/arm/arm-gnu-toolchain/bin/../lib/gcc/arm-none-eabi/6.3.1/../../../../arm-none-eabi/lib/thumb/v7e-m\libc.a(lib_a-lock.o)
                                                  c:/program files (x86)/atmel/studio/7.0/toolchain/arm/arm-gnu-toolchain/bin/../lib/gcc/arm-none-eabi/6.3.1/../../../../arm-none-eabi/lib/thumb/v7e-m\libc.a(lib_a-__call_atexit.o)
__lock___dd_hash_mutex                            c:/program files (x86)/atmel/studio/7.0/toolchain/arm/arm-gnu-toolchain/bin/../lib/gcc/arm-none-eabi/6.3.1/../../../../arm-none-eabi/lib/thumb/v7e-m\libc.a(lib_a-lock.o)
__lock___env_recursive_mutex                      c:/program files (x86)/atmel/studio/7.0/toolchain/arm/arm-gnu-toolchain/bin/../lib/gcc/arm-none-eabi/6.3.1/../../../../arm-none-eabi/lib/thumb/v7e-m\libc.a(lib_a-lock.o)
__lock___malloc_recursive_mutex                   c:/program files (x86)/atmel/studio/7.0/toolchain/arm/arm-gnu-toolchain/bin/../lib/gcc/arm-none-eabi/6.3.1/../../../../arm-none-eabi/lib/thumb/v7e-m\libc.a(lib_a-lock.o)
__lock___sfp_recursive_mutex                      c:/program files (x86)/atmel/studio/7.0/toolchain/arm/arm-gnu-toolchain/bin/../lib/gcc/arm-none-eabi/6.3.1/../../../../arm-none-eabi/lib/thumb/v7e-m\libc.a(lib_a-lock.o)
__lock___sinit_recursive_mutex                    c:/program files (x86)/atmel/studio/7.0/toolchain/arm/arm-gnu-toolchain/bin/../lib/gcc/arm-none-eabi/6.3.1/../../../../arm-none-eabi/lib/thumb/v7e-m\libc.a(lib_a-lock.o)
__lock___tz_mutex                                 c:/program files (x86)/atmel/studio/7.0/toolchain/arm/arm-gnu-toolchain/bin/../lib/gcc/arm-none-eabi/6.3.1/../../../../arm-none-eabi/lib/thumb/v7e-m\libc.a(lib_a-lock.o)
__ltdf2                                           c:/program files (x86)/atmel/studio/7.0/toolchain/arm/arm-gnu-toolchain/bin/../lib/gcc/arm-none-eabi/6.3.1/thumb/v7e-m\libgcc.a(_arm_cmpdf2.o)
__muldf3                                          c:/program files (x86)/atmel/studio/7.0/toolchain/arm/arm-gnu-toolchain/bin/../lib/gcc/arm-none-eabi/6.3.1/thumb/v7e-m\libgcc.a(_arm_muldivdf3.o)
__nedf2                                           c:/program files (x86)/atmel/studio/7.0/toolchain/arm/arm-gnu-toolchain/bin/../lib/gcc/arm-none-eabi/6.3.1/thumb/v7e-m\libgcc.a(_arm_cmpdf2.o)
__preinit_array_end                               c:/program files (x86)/atmel/studio/7.0/toolchain/arm/arm-gnu-toolchain/bin/../lib/gcc/arm-none-eabi/6.3.1/../../../../arm-none-eabi/lib/thumb/v7e-m\libc.a(lib_a-init.o)
__preinit_array_start                             c:/program files (x86)/atmel/studio/7.0/toolchain/arm/arm-gnu-toolchain/bin/../lib/gcc/arm-none-eabi/6.3.1/../../../../arm-none-eabi/lib/thumb/v7e-m\libc.a(lib_a-init.o)
__ram_end__                                       src/ASF/sam/utils/syscalls/gcc/syscalls.o
__register_exitproc                               c:/program files (x86)/atmel/studio/7.0/toolchain/arm/arm-gnu-toolchain/bin/../lib/gcc/arm-none-eabi/6.3.1/../../../../arm-none-eabi/lib/thumb/v7e-m\libc.a(lib_a-__atexit.o)
                                                  c:/program files (x86)/atmel/studio/7.0/toolchain/arm/arm-gnu-toolchain/bin/../lib/gcc/arm-none-eabi/6.3.1/../../../../arm-none-eabi/lib/thumb/v7e-m\libc.a(lib_a-atexit.o)
__register_frame_info                             c:/program files (x86)/atmel/studio/7.0/toolchain/arm/arm-gnu-toolchain/bin/../lib/gcc/arm-none-eabi/6.3.1/thumb/v7e-m/crtbegin.o
__retarget_lock_acquire                           c:/program files (x86)/atmel/studio/7.0/toolchain/arm/arm-gnu-toolchain/bin/../lib/gcc/arm-none-eabi/6.3.1/../../../../arm-none-eabi/lib/thumb/v7e-m\libc.a(lib_a-lock.o)
__retarget_lock_acquire_recursive                 c:/program files (x86)/atmel/studio/7.0/toolchain/arm/arm-gnu-toolchain/bin/../lib/gcc/arm-none-eabi/6.3.1/../../../../arm-none-eabi/lib/thumb/v7e-m\libc.a(lib_a-lock.o)
                                                  c:/program files (x86)/atmel/studio/7.0/toolchain/arm/arm-gnu-toolchain/bin/../lib/gcc/arm-none-eabi/6.3.1/../../../../arm-none-eabi/lib/thumb/v7e-m\libc.a(lib_a-__atexit.o)
                                                  c:/program files (x86)/atmel/studio/7.0/toolchain/arm/arm-gnu-toolchain/bin/../lib/gcc/arm-none-eabi/6.3.1/../../../../arm-none-eabi/lib/thumb/v7e-m\libc.a(lib_a-__call_atexit.o)
__retarget_lock_close                             c:/program files (x86)/atmel/studio/7.0/toolchain/arm/arm-gnu-toolchain/bin/../lib/gcc/arm-none-eabi/6.3.1/../../../../arm-none-eabi/lib/thumb/v7e-m\libc.a(lib_a-lock.o)
__retarget_lock_close_recursive                   c:/program files (x86)/atmel/studio/7.0/toolchain/arm/arm-gnu-toolchain/bin/../lib/gcc/arm-none-eabi/6.3.1/../../../../arm-none-eabi/lib/thumb/v7e-m\libc.a(lib_a-lock.o)
__retarget_lock_init                              c:/program files (x86)/atmel/studio/7.0/toolchain/arm/arm-gnu-toolchain/bin/../lib/gcc/arm-none-eabi/6.3.1/../../../../arm-none-eabi/lib/thumb/v7e-m\libc.a(lib_a-lock.o)
__retarget_lock_init_recursive                    c:/program files (x86)/atmel/studio/7.0/toolchain/arm/arm-gnu-toolchain/bin/../lib/gcc/arm-none-eabi/6.3.1/../../../../arm-none-eabi/lib/thumb/v7e-m\libc.a(lib_a-lock.o)
__retarget_lock_release                           c:/program files (x86)/atmel/studio/7.0/toolchain/arm/arm-gnu-toolchain/bin/../lib/gcc/arm-none-eabi/6.3.1/../../../../arm-none-eabi/lib/thumb/v7e-m\libc.a(lib_a-lock.o)
__retarget_lock_release_recursive                 c:/program files (x86)/atmel/studio/7.0/toolchain/arm/arm-gnu-toolchain/bin/../lib/gcc/arm-none-eabi/6.3.1/../../../../arm-none-eabi/lib/thumb/v7e-m\libc.a(lib_a-lock.o)
                                                  c:/program files (x86)/atmel/studio/7.0/toolchain/arm/arm-gnu-toolchain/bin/../lib/gcc/arm-none-eabi/6.3.1/../../../../arm-none-eabi/lib/thumb/v7e-m\libc.a(lib_a-__atexit.o)
                                                  c:/program files (x86)/atmel/studio/7.0/toolchain/arm/arm-gnu-toolchain/bin/../lib/gcc/arm-none-eabi/6.3.1/../../../../arm-none-eabi/lib/thumb/v7e-m\libc.a(lib_a-__call_atexit.o)
__retarget_lock_try_acquire                       c:/program files (x86)/atmel/studio/7.0/toolchain/arm/arm-gnu-toolchain/bin/../lib/gcc/arm-none-eabi/6.3.1/../../../../arm-none-eabi/lib/thumb/v7e-m\libc.a(lib_a-lock.o)